[balajiamines.com/index.html]
[backblue.gif]
[fade.gif]
[index.html]
[balajiamines.com/wp-content/themes/toolset-bootstrap/bootstrap3/css/bootstrap.min7984.css]
[balajiamines.com/wp-content/themes/toolset-bootstrap/bootstrap3/css/bootstrap-theme.min.css]
[balajiamines.com/wp-content/themes/toolset-bootstrap/style4b1d.css]
[balajiamines.com/wp-content/themes/toolset-bootstrap/bootstrap3_adjustment.css]
[balajiamines.com/wp-content/plugins/layouts/resources/css/cell-menu-cssfe9d.css]
[balajiamines.com/wp-content/plugins/layouts/resources/css/ddl-front-endfe9d.css]
[balajiamines.com/wp-content/plugins/layouts/toolset/toolset-common/res/css/toolset-commonfe9d.css]
[balajiamines.com/wp-content/plugins/wp-views/embedded/common/toolset-forms/css/wpt-jquery-ui/datepicker51cb.css]
[balajiamines.com/wp-includes/js/mediaelement/mediaelementplayer.min51cd.css]
[balajiamines.com/wp-content/plugins/wp-views/embedded/res/css/wpv-pagination51cb.css]
[balajiamines.com/wp-includes/js/jquery/jqueryb8ff.js]
[balajiamines.com/wp-includes/js/jquery/jquery-migrate.min330a.js]
[balajiamines.com/wp-content/plugins/layouts/resources/js/ddl-layouts-frontend9e1e.js]
[balajiamines.com/wp-content/themes/toolset-bootstrap/css/owl.carousel.css]
[balajiamines.com/wp-content/themes/toolset-bootstrap/css/owl.theme.css]
[balajiamines.com/wp-content/themes/toolset-bootstrap/js/owl.carousel.js]
[balajiamines.com/wp-content/themes/toolset-bootstrap/fancybox/jquery.fancybox-1.3.4.pack.js]
[balajiamines.com/wp-content/themes/toolset-bootstrap/fancybox/jquery.fancybox-1.3.4.css]
[balajiamines.com/wp-content/themes/toolset-bootstrap/css/mediatree.css]
[balajiamines.com/wp-content/themes/toolset-bootstrap/css/custom-print.css]
[balajiamines.com/wp-content/themes/toolset-bootstrap/css/jasny-bootstrap.min.css]
[balajiamines.com/wp-content/themes/toolset-bootstrap/js/jquery.matchHeight.js]
[balajiamines.com/wp-content/themes/toolset-bootstrap/js/jasny-bootstrap.min.js]
[balajiamines.com/wp-content/themes/toolset-bootstrap/css/flexslider.css]
[balajiamines.com/wp-content/themes/toolset-bootstrap/js/jquery.flexslider.js]
[maxcdn.bootstrapcdn.com/font-awesome/4.4.0/css/font-awesome.min.css]
[balajiamines.com/wp-content/themes/toolset-bootstrap/js/jquery.matchHeight-min.js]
[balajiamines.com/wp-content/themes/toolset-bootstrap/lazyyt/lazyYT.js]
[balajiamines.com/wp-content/themes/toolset-bootstrap/lazyyt/lazyYT.css]
[cdn.jsdelivr.net/jquery.marquee/1.3.1/jquery.marquee.min.js]
[balajiamines.com/index-2.html]
[balajiamines.com/company-profile.html]
[balajiamines.com/mission-values.html]
[balajiamines.com/certificate-awards.html]
[balajiamines.com/balaji-management-team.html]
[balajiamines.com/balaji-amines-history.html]
[balajiamines.com/bal-presence.html]
[balajiamines.com/category.html]
[balajiamines.com/amines.html]
[balajiamines.com/derivatives.html]
[balajiamines.com/speciality-chemicals.html]
[balajiamines.com/excipients.html]
[balajiamines.com/investor-relations.html]
[balajiamines.com/careers.html]
[balajiamines.com/corporate-social-responsibility.html]
[balajiamines.com/contact-us.html]
[balajiamines.com/balaji-media.html]
[balajiamines.com/e-brochures.html]
[balajiamines.com/wp-content/uploads/2015/10/balaji_logo.png]
[balajiamines.com/wp-content/uploads/2015/10/homepagebanner-2-1366x590.jpg]
[balajiamines.com/wp-content/uploads/2015/10/homepagebanner-1-1366x590.jpg]
[balajiamines.com/wp-content/uploads/2015/10/banner-1366x590.jpg]
[balajiamines.com/wp-content/uploads/2015/10/amines-category-image.jpg]
[balajiamines.com/wp-content/uploads/2015/10/amines-icon.png]
[balajiamines.com/wp-content/uploads/2015/10/derivative-category-image.jpg]
[balajiamines.com/wp-content/uploads/2015/10/specialitiy-products.png]
[balajiamines.com/wp-content/uploads/2015/10/speciality-chemicals-category-image.jpg]
[balajiamines.com/wp-content/uploads/2015/10/derivatives.png]
[balajiamines.com/wp-content/uploads/2015/10/excpients-image1.jpg]
[balajiamines.com/wp-content/uploads/2015/10/excipents.png]
[balajiamines.com/wp-content/uploads/2015/10/contact-img.jpg]
[balajiamines.com/wp-content/plugins/ml-slider/assets/sliders/responsiveslides/responsiveslides5589.css]
[balajiamines.com/wp-content/plugins/ml-slider/assets/metaslider/public5589.css]
[balajiamines.com/wp-content/themes/toolset-bootstrap/bootstrap3/js/bootstrap.min7984.js]
[balajiamines.com/wp-includes/js/jquery/ui/core.mine899.js]
[balajiamines.com/wp-includes/js/jquery/ui/datepicker.mine899.js]
[balajiamines.com/wp-includes/js/mediaelement/mediaelement-and-player.min51cd.js]
[balajiamines.com/wp-includes/js/underscore.min4511.js]
[balajiamines.com/wp-includes/js/wp-util.minfe9d.js]
[balajiamines.com/wp-includes/js/backbone.min9632.js]
[balajiamines.com/wp-content/plugins/wp-views/embedded/res/js/wpv-pagination-embedded51cb.js]
[balajiamines.com/wp-content/plugins/ml-slider/assets/sliders/responsiveslides/responsiveslides.min5589.js]
[balajiamines.com/index.html]
[balajiamines.com/wp-content/uploads/formidable/css/formidablepro2389.html]
[balajiamines.com/wp-content/uploads/ddl-layouts-tmp/d41d8cd98f00b204e9800998ecf8427e9e1e.css]
[balajiamines.com/wp-content/themes/toolset-bootstrap/bootstrap3/fonts/glyphicons-halflings-regular.eot]
[balajiamines.com/wp-content/themes/toolset-bootstrap/bootstrap3/fonts/glyphicons-halflings-regulard41d.eot]
[balajiamines.com/wp-content/themes/toolset-bootstrap/bootstrap3/fonts/glyphicons-halflings-regular.woff2]
[balajiamines.com/wp-content/themes/toolset-bootstrap/bootstrap3/fonts/glyphicons-halflings-regular.woff]
[balajiamines.com/wp-content/themes/toolset-bootstrap/bootstrap3/fonts/glyphicons-halflings-regular.ttf]
[balajiamines.com/wp-content/themes/toolset-bootstrap/bootstrap3/css/bootstrap.min7984.css]
[balajiamines.com/wp-content/themes/toolset-bootstrap/bootstrap3/css/bootstrap-theme.min.css]
[balajiamines.com/wp-content/themes/toolset-bootstrap/style4b1d.css]
[balajiamines.com/wp-content/themes/toolset-bootstrap/bootstrap3_adjustment.css]
[balajiamines.com/wp-content/plugins/layouts/resources/css/cell-menu-cssfe9d.css]
[balajiamines.com/wp-content/plugins/layouts/toolset/toolset-common/utility/css/notifications.css]
[balajiamines.com/wp-content/plugins/layouts/resources/images/spinner.gif]
[balajiamines.com/wp-content/plugins/layouts/resources/css/ddl-front-endfe9d.css]
[balajiamines.com/wp-content/plugins/layouts/toolset/toolset-common/res/css/toolset-commonfe9d.css]
[balajiamines.com/wp-content/plugins/wp-views/embedded/common/toolset-forms/css/wpt-jquery-ui/images/ui-bg_highlight-soft_100_eeeeee_1x100.png]
[balajiamines.com/wp-content/plugins/wp-views/embedded/common/toolset-forms/css/wpt-jquery-ui/images/ui-bg_gloss-wave_35_f6a828_500x100.png]
[balajiamines.com/wp-content/plugins/wp-views/embedded/common/toolset-forms/css/wpt-jquery-ui/images/ui-bg_glass_100_f6f6f6_1x400.png]
[balajiamines.com/wp-content/plugins/wp-views/embedded/common/toolset-forms/css/wpt-jquery-ui/images/ui-bg_glass_100_fdf5ce_1x400.png]
[balajiamines.com/wp-content/plugins/wp-views/embedded/common/toolset-forms/css/wpt-jquery-ui/images/ui-bg_glass_65_ffffff_1x400.png]
[balajiamines.com/wp-content/plugins/wp-views/embedded/common/toolset-forms/css/wpt-jquery-ui/images/ui-bg_highlight-soft_75_ffe45c_1x100.png]
[balajiamines.com/wp-content/plugins/wp-views/embedded/common/toolset-forms/css/wpt-jquery-ui/images/ui-bg_diagonals-thick_18_b81900_40x40.png]
[balajiamines.com/wp-content/plugins/wp-views/embedded/common/toolset-forms/css/wpt-jquery-ui/images/ui-icons_222222_256x240.png]
[balajiamines.com/wp-content/plugins/wp-views/embedded/common/toolset-forms/css/wpt-jquery-ui/images/ui-icons_ffffff_256x240.png]
[balajiamines.com/wp-content/plugins/wp-views/embedded/common/toolset-forms/css/wpt-jquery-ui/images/ui-icons_ef8c08_256x240.png]
[balajiamines.com/wp-content/plugins/wp-views/embedded/common/toolset-forms/css/wpt-jquery-ui/images/ui-icons_228ef1_256x240.png]
[balajiamines.com/wp-content/plugins/wp-views/embedded/common/toolset-forms/css/wpt-jquery-ui/images/ui-icons_ffd27a_256x240.png]
[balajiamines.com/wp-content/plugins/wp-views/embedded/common/toolset-forms/css/wpt-jquery-ui/images/ui-bg_diagonals-thick_20_666666_40x40.png]
[balajiamines.com/wp-content/plugins/wp-views/embedded/common/toolset-forms/css/wpt-jquery-ui/images/ui-bg_flat_10_000000_40x100.png]
[balajiamines.com/wp-content/plugins/wp-views/embedded/common/toolset-forms/css/wpt-jquery-ui/datepicker51cb.css]
[balajiamines.com/wp-includes/js/mediaelement/bigplay.png]
[balajiamines.com/wp-includes/js/mediaelement/background.png]
[balajiamines.com/wp-includes/js/mediaelement/loading.gif]
[balajiamines.com/wp-includes/js/mediaelement/controls.png]
[balajiamines.com/wp-includes/js/mediaelement/skipback.png]
[balajiamines.com/wp-includes/js/mediaelement/mediaelementplayer.min51cd.css]
[balajiamines.com/wp-includes/js/mediaelement/wp-mediaelement.minfe9d.html]
[balajiamines.com/wp-content/plugins/wp-views/embedded/res/img/pagination_dots.png]
[balajiamines.com/wp-content/plugins/wp-views/embedded/res/img/sort.gif]
[balajiamines.com/wp-content/plugins/wp-views/embedded/res/css/wpv-pagination51cb.css]
[balajiamines.com/wp-content/themes/toolset-bootstrap/css/owl.carousel.css]
[balajiamines.com/wp-content/themes/toolset-bootstrap/css/owl.theme.css]
[balajiamines.com/wp-content/themes/toolset-bootstrap/fancybox/fancybox.png]
[balajiamines.com/wp-content/themes/toolset-bootstrap/fancybox/blank.gif]
[balajiamines.com/wp-content/themes/toolset-bootstrap/fancybox/fancybox-x.png]
[balajiamines.com/wp-content/themes/toolset-bootstrap/fancybox/fancybox-y.png]
[balajiamines.com/wp-content/themes/toolset-bootstrap/fancybox/fancy_title_over.png]
[balajiamines.com/wp-content/themes/toolset-bootstrap/fancybox/jquery.fancybox-1.3.4.css]
[balajiamines.com/wp-content/themes/toolset-bootstrap/images/hp-video-bgimage.jpg]
[balajiamines.com/wp-content/themes/toolset-bootstrap/images/about-us-red-bg.png]
[balajiamines.com/wp-content/themes/toolset-bootstrap/images/about-row.jpg]
[balajiamines.com/wp-content/themes/toolset-bootstrap/images/client-quote.png]
[balajiamines.com/wp-content/themes/toolset-bootstrap/images/prod-below-img.png]
[balajiamines.com/wp-content/themes/toolset-bootstrap/images/about-2005.png]
[balajiamines.com/wp-content/themes/toolset-bootstrap/images/about-2006.png]
[balajiamines.com/wp-content/themes/toolset-bootstrap/images/about-2008.png]
[balajiamines.com/wp-content/themes/toolset-bootstrap/images/about-2010.png]
[balajiamines.com/wp-content/themes/toolset-bootstrap/images/about-2014.png]
[balajiamines.com/wp-content/themes/toolset-bootstrap/images/about-2015.png]
[balajiamines.com/wp-content/themes/toolset-bootstrap/css/mediatree.css]
[balajiamines.com/wp-content/themes/toolset-bootstrap/css/custom-print.css]
[balajiamines.com/wp-content/themes/toolset-bootstrap/css/zara.css]
[balajiamines.com/wp-content/themes/toolset-bootstrap/css/jasny-bootstrap.min.css]
[balajiamines.com/wp-content/themes/toolset-bootstrap/css/fonts/flexslider-icon.eot]
[balajiamines.com/wp-content/themes/toolset-bootstrap/css/fonts/flexslider-icond41d.eot]
[balajiamines.com/wp-content/themes/toolset-bootstrap/css/fonts/flexslider-icon.woff]
[balajiamines.com/wp-content/themes/toolset-bootstrap/css/fonts/flexslider-icon.ttf]
[balajiamines.com/wp-content/themes/toolset-bootstrap/css/flexslider.css]
[maxcdn.bootstrapcdn.com/font-awesome/4.4.0/css/font-awesome.min.css]
[balajiamines.com/wp-content/themes/toolset-bootstrap/lazyyt/lazyYT.css]
[balajiamines.com/index-2.html]
[balajiamines.com/wp-content/plugins/layouts/resources/css/cell-menu-csse100.css]
[balajiamines.com/wp-content/plugins/layouts/resources/css/ddl-front-ende100.css]
[balajiamines.com/wp-content/plugins/layouts/toolset/toolset-common/res/css/toolset-commone100.css]
[balajiamines.com/wp-content/uploads/2015/10/company-profile-banner1.jpg]
[balajiamines.com/wp-content/uploads/2015/10/company-profile_01.jpg]
[balajiamines.com/wp-content/uploads/2015/10/company-profile_02.jpg]
[balajiamines.com/wp-content/uploads/2015/10/company-profile_03.jpg]
[balajiamines.com/wp-includes/js/wp-util.mine100.js]
[balajiamines.com/company-profile.html]
[balajiamines.com/mission-valuesb4c1.html]
[balajiamines.com/wp-content/uploads/2015/10/vission-mission-banner.jpg]
[balajiamines.com/wp-content/uploads/2015/10/vission-mission-img.jpg]
[balajiamines.com/mission-values.html]
[balajiamines.com/wp-content/themes/toolset-bootstrap/favicon.ico]
[balajiamines.com/css/lightbox.css]
[balajiamines.com/js/lightbox.js]
[balajiamines.com/wp-content/uploads/2015/10/banner1.jpg]
[balajiamines.com/awards/350_1506061616.jpg]
[balajiamines.com/awards/350_1506061649.jpg]
[balajiamines.com/awards/350_1506061674.jpg]
[balajiamines.com/awards/350_1506061697.jpg]
[balajiamines.com/awards/350_1506061730.jpg]
[balajiamines.com/awards/350_1543294995.jpg]
[balajiamines.com/awards/350_1637911201.jpg]
[balajiamines.com/awards/350_1654510684.jpg]
[balajiamines.com/awards/350_1654513259.jpg]
[balajiamines.com/awards/350_1690979646.jpg]
[balajiamines.com/awards/350_1706780286.png]
[balajiamines.com/awards/350_1719653248.jpg]
[balajiamines.com/awards/350_1729254624.jpg]
[balajiamines.com/awards/350_1729254664.jpg]
[balajiamines.com/certificate-awards.html]
[balajiamines.com/wp-content/uploads/2015/10/managmnt-banner.jpg]
[balajiamines.com/wp-content/uploads/2015/10/board-of-directors.jpg]
[balajiamines.com/team/350_1506058768.jpg]
[balajiamines.com/team/350_1506058816.jpg]
[balajiamines.com/team/350_1506058910.jpg]
[balajiamines.com/team/350_1506058989.jpg]
[balajiamines.com/team/350_1688732966.jpg]
[balajiamines.com/team/350_1688733030.jpg]
[balajiamines.com/team/350_1688733097.jpg]
[balajiamines.com/team/350_1688733144.jpg]
[balajiamines.com/team/350_1506059018.png]
[balajiamines.com/team/350_1506059048.jpg]
[balajiamines.com/team/350_1506059087.png]
[balajiamines.com/team/350_154236814.jpg]
[balajiamines.com/team/350_12456831.jpg]
[balajiamines.com/balaji-management-team.html]
[balajiamines.com/wp-content/uploads/2015/10/history_02.jpg]
[balajiamines.com/balaji-amines-history.html]
[balajiamines.com/wp-content/plugins/layouts/resources/css/cell-menu-css125b.css]
[balajiamines.com/wp-content/plugins/layouts/resources/css/ddl-front-end125b.css]
[balajiamines.com/wp-content/plugins/layouts/toolset/toolset-common/res/css/toolset-common125b.css]
[balajiamines.com/wp-content/plugins/wp-google-maps/images/marker.png]
[balajiamines.com/wp-content/plugins/wp-google-maps-pro/css/wpgmza_style_prob67e.css]
[balajiamines.com/wp-content/plugins/wp-google-maps-pro/css/data_table_frontb67e.css]
[cdn.datatables.net/responsive/1.0.4/css/dataTables.responsiveb67e.css]
[balajiamines.com/wp-includes/js/wp-util.min125b.js]
[balajiamines.com/wp-content/plugins/wp-google-maps-pro/js/jquery.dataTables.min125b.js]
[balajiamines.com/wp-content/plugins/wp-google-maps-pro/js/dataTables.responsive125b.js]
[balajiamines.com/bal-presence.html]
[balajiamines.com/wp-content/plugins/wp-google-maps-pro/js/core119a.js]
[balajiamines.com/wp-content/uploads/2015/10/financials-banner.jpg]
[balajiamines.com/products/1506068481.jpg]
[balajiamines.com/products/1506068537.jpg]
[balajiamines.com/products/1506068587.jpg]
[balajiamines.com/products/1506068610.jpg]
[balajiamines.com/products/1506068637.jpg]
[balajiamines.com/products/1506068676.jpg]
[balajiamines.com/products/1506068711.jpg]
[balajiamines.com/products/1506068751.jpg]
[balajiamines.com/products/1506068792.jpg]
[balajiamines.com/products/1506068839.jpg]
[balajiamines.com/products/1506068872.jpg]
[balajiamines.com/products/1506068923.jpg]
[balajiamines.com/products/1506068959.jpg]
[balajiamines.com/products/1506068984.jpg]
[balajiamines.com/products/1506069071.jpg]
[balajiamines.com/products/1506069098.jpg]
[balajiamines.com/products/1506069121.jpg]
[balajiamines.com/products/1680009047.jpg]
[balajiamines.com/products/1680009233.jpg]
[balajiamines.com/products/1506069193.jpg]
[balajiamines.com/products/1506069227.jpg]
[balajiamines.com/products/1506069256.jpg]
[balajiamines.com/products/1506069286.jpg]
[balajiamines.com/products/1506069347.jpg]
[balajiamines.com/products/1506069379.jpg]
[balajiamines.com/products/1539664450.jpg]
[balajiamines.com/products/1680009351.jpg]
[balajiamines.com/products/1680009389.jpg]
[balajiamines.com/products/1680009453.jpg]
[balajiamines.com/products/1506069423.jpg]
[balajiamines.com/products/1506069456.jpg]
[balajiamines.com/category.html]
[balajiamines.com/amines.html]
[balajiamines.com/derivatives.html]
[balajiamines.com/speciality-chemicals.html]
[balajiamines.com/excipients.html]
[balajiamines.com/img/plus.png]
[balajiamines.com/img/pdf.png]
[balajiamines.com/img/min.png]
[balajiamines.com/pdf/1688892428Board of Directors.pdf]
[balajiamines.com/ar2022/index.html]
[balajiamines.com/pdf/1686130582Committees.pdf]
[balajiamines.com/pdf/1762782817Financial Results .pdf]
[balajiamines.com/pdf/1754145017BM - Outcome_compressed --222.pdf]
[balajiamines.com/pdf/1748500735Q4-2024-25-Results.pdf]
[balajiamines.com/pdf/1739369912Financial Results.pdf]
[balajiamines.com/pdf/17320168871731586949Outcome.pdf]
[balajiamines.com/pdf/1723031626Results.pdf]
[balajiamines.com/pdf/1715157426BM Financials.pdf]
[balajiamines.com/pdf/1706702271BMOutcome.pdf]
[balajiamines.com/pdf/1699442780Q-2 Results.pdf]
[balajiamines.com/pdf/1693482688Result.pdf]
[balajiamines.com/pdf/1684573586OU.pdf]
[balajiamines.com/pdf/1675686352RR.pdf]
[balajiamines.com/pdf/1666856925FR.pdf]
[balajiamines.com/pdf/1660286559Results.pdf]
[balajiamines.com/pdf/1652280103BM Outcome.pdf]
[balajiamines.com/pdf/1643804383Outcome.pdf]
[balajiamines.com/pdf/1635339055Outcome Final27102021.pdf]
[balajiamines.com/pdf/1627909854Outcome.pdf]
[balajiamines.com/pdf/1622090631Financials.pdf]
[balajiamines.com/pdf/1612786884RESULTS.pdf]
[balajiamines.com/pdf/1603886769RESULTS Q22020.pdf]
[balajiamines.com/pdf/1597237119Financials.pdf]
[balajiamines.com/pdf/1592832734Results19-20.pdf]
[balajiamines.com/pdf/1580388664BM Outcome.pdf]
[balajiamines.com/pdf/1572439872BM OUTCOME-2-17.pdf]
[balajiamines.com/pdf/1564207697Outcome final.pdf]
[balajiamines.com/pdf/1557928223Q4_31032019.pdf]
[balajiamines.com/pdf/1548678999OUTCOME.pdf]
[balajiamines.com/pdf/1540986847outcome 30092018.pdf]
[balajiamines.com/pdf/1532354616Results.pdf]
[balajiamines.com/pdf/1527944247Financial Year Results(1).pdf]
[balajiamines.com/pdf/1526304771outcome of Board Meeting.pdf]
[balajiamines.com/pdf/1517230806Results_17-18_Q3.pdf]
[balajiamines.com/pdf/15126736911509818632Results300917.pdf]
[balajiamines.com/pdf/15126736461507487831Results for the quarter ended 30-06-2017.pdf]
[balajiamines.com/pdf/15126736121507487797Results for the year ended 31_03_2017.pdf]
[balajiamines.com/pdf/15126735751507487759FY2016-17Q3.pdf]
[balajiamines.com/pdf/15126735191507487628FY2016-17Q2.pdf]
[balajiamines.com/pdf/15126734771507487605FY16-17Q1.pdf]
[balajiamines.com/pdf/15126734061507487515FY15-16.pdf]
[balajiamines.com/pdf/1512673325150748748831_12_2015.pdf]
[balajiamines.com/pdf/15126732421507487422FY15-16Q2.pdf]
[balajiamines.com/pdf/15126731761507487359FY15-16Q1.pdf]
[balajiamines.com/pdf/15126731221507487328FY14-15.pdf]
[balajiamines.com/pdf/1512673084150748725330_09_2014.pdf]
[balajiamines.com/pdf/151267301315074870721507454524BAlaji Blank.pdf]
[balajiamines.com/pdf/151267297715074870721507454524BAlaji Blank.pdf]
[balajiamines.com/pdf/151267292615074870381507454524BAlaji Blank.pdf]
[balajiamines.com/pdf/151267286115074869881507454524BAlaji Blank.pdf]
[balajiamines.com/pdf/151267280615074869641507454524BAlaji Blank.pdf]
[balajiamines.com/pdf/151267268615074869351507454524BAlaji Blank.pdf]
[balajiamines.com/pdf/1722666023BSCL.pdf]
[balajiamines.com/pdf/1688890548BSCL financial results.pdf]
[balajiamines.com/pdf/1652280243BSCL Results for the year ended 31-03-2022.pdf]
[balajiamines.com/pdf/1628165860BSCPL Audit Report & Financial Statements.pdf]
[balajiamines.com/pdf/1594809030BSCPL Financials 2019-20.pdf]
[balajiamines.com/pdf/1559641391BSCPL AUDIT REPORT & FINANCIALS 2018-19.pdf]
[balajiamines.com/pdf/1559641259BSCPL-MARCH-2018.pdf]
[balajiamines.com/pdf/1753859362Balaji Amines Annual Report 2024-25 (Spread Page).pdf]
[balajiamines.com/pdf/1718692294BalajiAminesLimitedAnnualReport2023-24.pdf]
[balajiamines.com/pdf/1687063252Annual Report 2022-23.pdf]
[balajiamines.com/pdf/1654777806Corrigendum file.pdf]
[balajiamines.com/pdf/1654777702AR2022.pdf]
[balajiamines.com/pdf/1654319553Balaji Amines Ltd AR.pdf]
[balajiamines.com/pdf/1626348421Annual_Report_2020-21.pdf]
[balajiamines.com/pdf/1594640113AnnualReport2019-20.pdf]
[balajiamines.com/pdf/1561710432AnnualReport2018-19.pdf]
[balajiamines.com/pdf/AnnualReport2017-18.pdf]
[balajiamines.com/pdf/15126747911507488809AR2016-17.pdf]
[balajiamines.com/pdf/15126747601507488772AR_2015-16.pdf]
[balajiamines.com/pdf/15126747411507488728AR_2014-15.pdf]
[balajiamines.com/pdf/15126747161507488694AR_2013-14.pdf]
[balajiamines.com/pdf/15126746911507488425Balaji Amines AR_2013.pdf]
[balajiamines.com/pdf/15126746551507488346Balaji Amines AR 2011-12.pdf]
[balajiamines.com/pdf/15126746271507488278Balaji Amines Ltd_AR 2010-11.pdf]
[balajiamines.com/pdf/1752571647BSCL Annual Report 2025.pdf]
[balajiamines.com/pdf/1718721395BSCL Annual Report 2023-24.pdf]
[balajiamines.com/pdf/1686654764BSCL Annual Report 2022-23.pdf]
[balajiamines.com/pdf/1665120664BSCL Annual Report 2021-22.pdf]
[balajiamines.com/pdf/1628227679BSCPL.pdf]
[balajiamines.com/pdf/1596777287BSCPL Annual Report 2019-20.pdf]
[balajiamines.com/pdf/1596776501BSCPL Annual Report 2018-19.pdf]
[balajiamines.com/pdf/1596775841BSCPL AR -2017-18.pdf]
[balajiamines.com/pdf/1763993462Disclosure_ Signed.pdf]
[balajiamines.com/pdf/1760461132Clarification_Signed.pdf]
[balajiamines.com/pdf/1757683611Intimation to shareholders SE_Signed.pdf]
[balajiamines.com/pdf/1751287374Intimation_Signed.pdf]
[balajiamines.com/pdf/1750847262INTIMATION_Signed.pdf]
[balajiamines.com/pdf/1743684973Intimatiion.pdf]
[balajiamines.com/pdf/1740148352Intimation.pdf]
[balajiamines.com/pdf/1732509600Outcome.pdf]
[balajiamines.com/pdf/1731241370Intimation.pdf]
[balajiamines.com/pdf/1723626510SEIntimation.pdf]
[balajiamines.com/pdf/1710397557CreditRating.pdf]
[balajiamines.com/pdf/1706721147Regulation30.pdf]
[balajiamines.com/pdf/1705497923IntimationSE.pdf]
[balajiamines.com/pdf/1705396578IntimationSE.pdf]
[balajiamines.com/pdf/1703665323BSE Clarification.pdf]
[balajiamines.com/pdf/1701939550Reply to BSE.pdf]
[balajiamines.com/pdf/16995131428e0c55aa-465e-4aa2-9e1d-0c17f22ad8b1.pdf]
[balajiamines.com/pdf/1694167658Intimation.pdf]
[balajiamines.com/pdf/1692170924ClarificationLetter.pdf]
[balajiamines.com/pdf/1692033338Intimation.pdf]
[balajiamines.com/pdf/1684663455IntimationResignation.pdf]
[balajiamines.com/pdf/1684663324IntimationChangeIndesignation.pdf]
[balajiamines.com/pdf/1684663271IntimationAppointment.pdf]
[balajiamines.com/pdf/1684663209IntimationResignation.pdf]
[balajiamines.com/pdf/1682847122RTA.pdf]
[balajiamines.com/pdf/16818779688fb19b9c-a507-450f-8922-1a2f37e999de.pdf]
[balajiamines.com/pdf/1680522288Duplicate.pdf]
[balajiamines.com/pdf/1675687011Intimation.pdf]
[balajiamines.com/pdf/1673881130CreditRating.pdf]
[balajiamines.com/pdf/16648004711664169760DMC SE.pdf]
[balajiamines.com/pdf/1664800378intimation.pdf]
[balajiamines.com/pdf/1664800174madan.pdf]
[balajiamines.com/pdf/1660969284Letter.pdf]
[balajiamines.com/pdf/1654169496IPO.pdf]
[balajiamines.com/pdf/163826524924.pdf]
[balajiamines.com/pdf/1637728367INTIMATION OF COMMENCEMENT OF DMF PLANT.pdf]
[balajiamines.com/pdf/1636802927issueofduplicate.pdf]
[balajiamines.com/pdf/1636529364Intimationlossofsharecertificate.pdf]
[balajiamines.com/pdf/1635426521Lossofduplicate.pdf]
[balajiamines.com/pdf/1635327502Credit Ratings.pdf]
[balajiamines.com/pdf/1635166107Loss of Share Certificate.pdf]
[balajiamines.com/pdf/1633668494Intimationof Breakdown ofPlant.pdf]
[balajiamines.com/pdf/1631793382Duplicate.pdf]
[balajiamines.com/pdf/1631086498Loss of Share Certificate_Intimation.pdf]
[balajiamines.com/pdf/1627986554IntimationtoSEAcetonitirle.pdf]
[balajiamines.com/pdf/1625060703CSAppointment.pdf]
[balajiamines.com/pdf/1621591256intimation.pdf]
[balajiamines.com/pdf/1618486820CreditRating.pdf]
[balajiamines.com/pdf/1611298313CSDemise.pdf]
[balajiamines.com/pdf/1604311776Clarificationletter.pdf]
[balajiamines.com/pdf/1603427652MURUGA VELLAICHAMYduplicateshrecertificate22102020.pdf]
[balajiamines.com/pdf/1602228313SubmissionofinfolossofSC.pdf]
[balajiamines.com/pdf/1585812027ilovepdf_merged.pdf]
[balajiamines.com/pdf/1585115450Intimation.pdf]
[balajiamines.com/pdf/1582714020final.pdf]
[balajiamines.com/pdf/1580985401PIT Disclosure ASR.pdf]
[balajiamines.com/pdf/1580885475PIT.pdf]
[balajiamines.com/pdf/1580361348Credit Rating.pdf]
[balajiamines.com/pdf/1576233456PIT ASD.pdf]
[balajiamines.com/pdf/1576142372PIT.pdf]
[balajiamines.com/pdf/1575455709PIT ASR.pdf]
[balajiamines.com/pdf/1575098076PIT.pdf]
[balajiamines.com/pdf/1575012950PIT.pdf]
[balajiamines.com/pdf/1574935187Environmental Clearance.pdf]
[balajiamines.com/pdf/1572612410RTA Letter.pdf]
[balajiamines.com/pdf/1569324248PIT.pdf]
[balajiamines.com/pdf/1568712759ilovepdf_merged (7).pdf]
[balajiamines.com/pdf/1568696781final965.pdf]
[balajiamines.com/pdf/1568696245final1015.pdf]
[balajiamines.com/pdf/1568695864final1070.pdf]
[balajiamines.com/pdf/1568189215FORM C ASR.pdf]
[balajiamines.com/pdf/1566475581PIT Eeshan.pdf]
[balajiamines.com/pdf/1566300857Eeshan.pdf]
[balajiamines.com/pdf/1565786999ASR.pdf]
[balajiamines.com/pdf/1565244367Intimation.pdf]
[balajiamines.com/pdf/1565156988Intimation.pdf]
[balajiamines.com/pdf/1565075958Intimation.pdf]
[balajiamines.com/pdf/1564988882GHR.pdf]
[balajiamines.com/pdf/1564983133eeshan.pdf]
[balajiamines.com/pdf/1564642986PITVandana.pdf]
[balajiamines.com/pdf/1561185703GHR.pdf]
[balajiamines.com/pdf/1560405245DRR sir 2.pdf]
[balajiamines.com/pdf/1560257266DRR-rotated.pdf]
[balajiamines.com/pdf/1560241481Consent.pdf]
[balajiamines.com/pdf/1559981214APR.pdf]
[balajiamines.com/pdf/1559909642APR sir.pdf]
[balajiamines.com/pdf/1558787033Besker.pdf]
[balajiamines.com/pdf/1558012672Updates.pdf]
[balajiamines.com/pdf/1556627209Large Entities.pdf]
[balajiamines.com/pdf/1555054537Besker Intimation.pdf]
[balajiamines.com/pdf/1553492427IntimationtoSE2532019.pdf]
[balajiamines.com/pdf/1549369590APR SIR.pdf]
[balajiamines.com/pdf/1549084490issue of duplicate share certificate.pdf]
[balajiamines.com/pdf/1546952567Submission of Loss of Share Certificate.pdf]
[balajiamines.com/pdf/1545397588CREDIT RATING 21122018.pdf]
[balajiamines.com/pdf/1538205550Intimation to Stock Exchange of Manik Gund .pdf]
[balajiamines.com/pdf/1536229780APRDISCLOSURE.pdf]
[balajiamines.com/pdf/1528527412A Prathap Reddy Sir.pdf]
[balajiamines.com/pdf/1526357317Appointment of Managing Director.pdf]
[balajiamines.com/pdf/1522231189Stock Exchange Intimation Letter.pdf]
[balajiamines.com/pdf/1519303391ANTIDUMPING.pdf]
[balajiamines.com/pdf/1519123465FINALMERGERLETTERSE.pdf]
[balajiamines.com/pdf/151267550001 05-12-17 Credit Rating India Ratings & Research.pdf]
[balajiamines.com/pdf/151267548902 04-12-17 Allotment of land to company.pdf]
[balajiamines.com/pdf/151267547003 04-12-17 Mega Project.pdf]
[balajiamines.com/pdf/151267545304 20-11-17 Clarification on Increase in Volume -BSE.pdf]
[balajiamines.com/pdf/151267542305 08-11-17 Clarification on Financial Results -Q2 2017.pdf]
[balajiamines.com/pdf/151267539506 30-10-17 Appointment of Company Secretary & Compliance Officer.pdf]
[balajiamines.com/pdf/151267537107 30-10-17 Approval of Investment in Balaji Speciality Chemicals Pvt Ltd.pdf]
[balajiamines.com/pdf/151267533208.pdf]
[balajiamines.com/pdf/151267505809 19-07-17 Resignation of Company Secretary.pdf]
[balajiamines.com/pdf/151267502410 06-07-17 Ministry of Environment Clearance for Expansion.pdf]
[balajiamines.com/pdf/1763194642Concall_Audio_Link_Signed.pdf]
[balajiamines.com/pdf/1763194592Concall_Signed.pdf]
[balajiamines.com/pdf/1763194563Concall_Signed.pdf]
[balajiamines.com/pdf/1763194528Intimation_Signed.pdf]
[balajiamines.com/pdf/1763194376Audio Link_Intimation.pdf]
[balajiamines.com/pdf/1750134199Concall_Signed.pdf]
[balajiamines.com/pdf/1748255576Intimation_Signed.pdf]
[balajiamines.com/pdf/1748251918Intimation.pdf]
[balajiamines.com/pdf/1742619284Intimation.pdf]
[balajiamines.com/pdf/1740148135Investormeet.pdf]
[balajiamines.com/pdf/1733818375Investormeet.pdf]
[balajiamines.com/pdf/1733749032Investormeet13.pdf]
[balajiamines.com/pdf/1733748991Investormeet.pdf]
[balajiamines.com/pdf/1732360153Intimation.pdf]
[balajiamines.com/pdf/1732035761Concall.pdf]
[balajiamines.com/pdf/1731475559Intimation.pdf]
[balajiamines.com/pdf/1725544337Intimation.pdf]
[balajiamines.com/pdf/17199213161.pdf]
[balajiamines.com/pdf/1718631467Intimation.pdf]
[balajiamines.com/pdf/1717407261intimation.pdf]
[balajiamines.com/pdf/1715867256TranscriptSE.pdf]
[balajiamines.com/pdf/1715400765Audio.pdf]
[balajiamines.com/pdf/1715157302Concall.pdf]
[balajiamines.com/pdf/1711089480Intimation.pdf]
[balajiamines.com/pdf/1703140512SEIntimation.pdf]
[balajiamines.com/pdf/16994200313d0523a4-0853-4e2a-a1a7-dc878afac715.pdf]
[balajiamines.com/pdf/1695206843InvestorMeet.pdf]
[balajiamines.com/pdf/1694789217TranscriptSigned.pdf]
[balajiamines.com/pdf/1694188695Concall.pdf]
[balajiamines.com/pdf/1693845818IntimationConcall.pdf]
[balajiamines.com/pdf/1688034301InvestorMeet.pdf]
[balajiamines.com/pdf/1684772665Concall.pdf]
[balajiamines.com/pdf/1684234266ConcallQ4FY23.pdf]
[balajiamines.com/pdf/1678341667BALInvestorMeet14032023.pdf]
[balajiamines.com/pdf/1677243271BALInvestorMeet22.pdf]
[balajiamines.com/pdf/1676544201Conference.pdf]
[balajiamines.com/pdf/1672323482BALInvestorMeet29122022.pdf]
[balajiamines.com/pdf/1671429302BALInvestorMeet19122022.pdf]
[balajiamines.com/pdf/1670060192BALInvestor Meet.pdf]
[balajiamines.com/pdf/1669695658Intimation.pdf]
[balajiamines.com/pdf/1664286247Investor Meet.pdf]
[balajiamines.com/pdf/1652868796Transcipt Letter.pdf]
[balajiamines.com/pdf/1652266888BAL Conference Call Intimation.pdf]
[balajiamines.com/pdf/1648121255Stock.pdf]
[balajiamines.com/pdf/1647499557Investor Meet.pdf]
[balajiamines.com/pdf/1646834976BALInvestorConference.pdf]
[balajiamines.com/pdf/1645012498Transcript.pdf]
[balajiamines.com/pdf/1643636354concall.pdf]
[balajiamines.com/pdf/1638864361Investor Meet.pdf]
[balajiamines.com/pdf/1636968294final transcript.pdf]
[balajiamines.com/pdf/1634962847BALCONCALL.pdf]
[balajiamines.com/pdf/1629715755ConcallInvestormeet.pdf]
[balajiamines.com/pdf/1629715676Final.pdf]
[balajiamines.com/pdf/1627558433CONCALL.pdf]
[balajiamines.com/pdf/1624528780Investor Meet - Motilal Oswal.pdf]
[balajiamines.com/pdf/1623658651Investormeet.pdf]
[balajiamines.com/pdf/1623152495Concalltranscript.pdf]
[balajiamines.com/pdf/1622112413Investormeet.pdf]
[balajiamines.com/pdf/1621905566Concall24052021.pdf]
[balajiamines.com/pdf/1613990748concalltranscript.pdf]
[balajiamines.com/pdf/1612613557CONCALL06022021.pdf]
[balajiamines.com/pdf/1608555253Intimationofinvestormeet.pdf]
[balajiamines.com/pdf/1605954049Transcript of Call.pdf]
[balajiamines.com/pdf/1603776066rescheduledBalaji Amines - Q2FY21 Earnings Call Invite.pdf]
[balajiamines.com/pdf/1603438046CONCALLQ2FY21.pdf]
[balajiamines.com/pdf/1598008953ConcallTranscript13082020.pdf]
[balajiamines.com/pdf/1597213353concall12082020.pdf]
[balajiamines.com/pdf/1593755295transcript23062020.pdf]
[balajiamines.com/pdf/1592918599Investormeet25062020.pdf]
[balajiamines.com/pdf/1591945127BALCONCALL23062020.pdf]
[balajiamines.com/pdf/1581312337Transcript.pdf]
[balajiamines.com/pdf/1580361428Concall.pdf]
[balajiamines.com/pdf/1575184585INVESTORCONFUPDATE.pdf]
[balajiamines.com/pdf/1573281099Transcript.pdf]
[balajiamines.com/pdf/1571636322Concall.pdf]
[balajiamines.com/pdf/1569315566IntimationofScheduleanalyst.pdf]
[balajiamines.com/pdf/1564811944concalltranscript29072019.pdf]
[balajiamines.com/pdf/1564811823Balaji Amines Q1 FY-20 Earnings Conference Call July 29, 2019.pdf]
[balajiamines.com/pdf/1561466007Intimation.pdf]
[balajiamines.com/pdf/1558675278CONCALL.pdf]
[balajiamines.com/pdf/1558012166Concall letter to SE.pdf]
[balajiamines.com/pdf/1555409966BALAJI INVESTOR PPT.pdf]
[balajiamines.com/pdf/1555074111Intimation of Schedule.pdf]
[balajiamines.com/pdf/1533270853Con Cal.pdf]
[balajiamines.com/pdf/1532854139CONCALL3172018.pdf]
[balajiamines.com/pdf/1528808844INTIMATION INVESTOR MEETING.pdf]
[balajiamines.com/pdf/1527142995Balaji Amines Q4 FY2018 Earnings Conference Call May 21, 2018.pdf]
[balajiamines.com/pdf/1526617654CON CALL.pdf]
[balajiamines.com/pdf/1518777458Systematix-BalajiAmines-Feb14-2018 (2).pdf]
[balajiamines.com/pdf/1517992498CONCALL14022018.pdf]
[balajiamines.com/pdf/1512677649150749007104_Concall_10072017.pdf]
[balajiamines.com/pdf/1512677625150749001903_Concall_14022017.pdf]
[balajiamines.com/pdf/1512677588150748995302_AmbitCap_27012017.pdf]
[balajiamines.com/pdf/1512677539150748991301_Concall_28102016.pdf]
[balajiamines.com/pdf/1762009058Intimation_Signed.pdf]
[balajiamines.com/pdf/1753598708Intimation_Signed.pdf]
[balajiamines.com/pdf/1748251788Intimation_Signed.pdf]
[balajiamines.com/pdf/1747492097Intimation_Signed.pdf]
[balajiamines.com/pdf/1738762250BM Intimation.pdf]
[balajiamines.com/pdf/1730901140BMIntimation.pdf]
[balajiamines.com/pdf/1722001929Intimation.pdf]
[balajiamines.com/pdf/1714551218Intimation.pdf]
[balajiamines.com/pdf/1711716161TW.pdf]
[balajiamines.com/pdf/1698846806BMINTIMATION.pdf]
[balajiamines.com/pdf/1692631109BMIntimation.pdf]
[balajiamines.com/pdf/1683979438IntimationofBoardMeeting.pdf]
[balajiamines.com/pdf/1675067511BM.pdf]
[balajiamines.com/pdf/1666189227BM Intimation.pdf]
[balajiamines.com/pdf/1660895446Notice 12-08-2022.pdf]
[balajiamines.com/pdf/1651551759BM Intimation.pdf]
[balajiamines.com/pdf/1643093776BMIntimation.pdf]
[balajiamines.com/pdf/1634618086Intimation of Board Meeting.pdf]
[balajiamines.com/pdf/1626958779IntimationofBM.pdf]
[balajiamines.com/pdf/1621002641intimation.pdf]
[balajiamines.com/pdf/161122875721-01-2021.pdf]
[balajiamines.com/pdf/1609402193INTIMATIONOFBOARDMEETING.pdf]
[balajiamines.com/pdf/1603279863preponeofbm28102020.pdf]
[balajiamines.com/pdf/1601963393intimationofBM30092020.pdf]
[balajiamines.com/pdf/1596183574INTIMATIONBM.pdf]
[balajiamines.com/pdf/1591682479BMINTIMATION22062020.pdf]
[balajiamines.com/pdf/1582698976Intimation of Board Meeting.pdf]
[balajiamines.com/pdf/1577517961Intimation of Board Meeting to SE.pdf]
[balajiamines.com/pdf/1577517874Intimationbm.pdf]
[balajiamines.com/pdf/1562321365Intimation of BM to SE.pdf]
[balajiamines.com/pdf/1556627424intimation of BM.pdf]
[balajiamines.com/pdf/1547619034BM Intimation.pdf]
[balajiamines.com/pdf/1539674134Intimation of Bm.pdf]
[balajiamines.com/pdf/1531381813Notice 23-07-18 .pdf]
[balajiamines.com/pdf/1524653574INTIMATION.pdf]
[balajiamines.com/pdf/1515817531IntimationofBM29012018.pdf]
[balajiamines.com/pdf/151267639830-10-17.pdf]
[balajiamines.com/pdf/151267636327-07-17.pdf]
[balajiamines.com/pdf/151267633311-05-17.pdf]
[balajiamines.com/pdf/151267630206-02-17.pdf]
[balajiamines.com/pdf/15126762281507489759Notice 21_05_2016.pdf]
[balajiamines.com/pdf/15126761981507489722Notice 20_01_2016.pdf]
[balajiamines.com/pdf/15126761711507489689Notice 31_10_2015.pdf]
[balajiamines.com/pdf/15126761351507489660Notice 30_07_2015.pdf]
[balajiamines.com/pdf/15126761071507489623Notice 20_05_2015.pdf]
[balajiamines.com/pdf/1762783976Financial Results .pdf]
[balajiamines.com/pdf/1762783919BM - Outcome_compressed --222.pdf]
[balajiamines.com/pdf/1748511129Results_signed.pdf]
[balajiamines.com/pdf/1739368947Outcome of BM-1.pdf]
[balajiamines.com/pdf/1731585827Outcome.pdf]
[balajiamines.com/pdf/1731585775Outcome.pdf]
[balajiamines.com/pdf/1723031703Results.pdf]
[balajiamines.com/pdf/1715157538Financials.pdf]
[balajiamines.com/pdf/1706702038Outcome.pdf]
[balajiamines.com/pdf/1699442928Outcome.pdf]
[balajiamines.com/pdf/1693482566Results.pdf]
[balajiamines.com/pdf/1684573405Outcome Final.pdf]
[balajiamines.com/pdf/1675686085Results.pdf]
[balajiamines.com/pdf/1666857020Results.pdf]
[balajiamines.com/pdf/1660286349Results.pdf]
[balajiamines.com/pdf/1652266950BM Outcome.pdf]
[balajiamines.com/pdf/1643804282Outcome.pdf]
[balajiamines.com/pdf/1635338340Outcome Final27102021.pdf]
[balajiamines.com/pdf/1627909766Outcome.pdf]
[balajiamines.com/pdf/1627884690CSAppointment.pdf]
[balajiamines.com/pdf/1622090899finalfinancials.pdf]
[balajiamines.com/pdf/1612787062outcome.pdf]
[balajiamines.com/pdf/1603886016OUTCOMEBM28102020.pdf]
[balajiamines.com/pdf/1597237207Boardoutcome12082020.pdf]
[balajiamines.com/pdf/1592832995Outcome19-20.pdf]
[balajiamines.com/pdf/1583753471Outcome of BM.pdf]
[balajiamines.com/pdf/1580388874BM.pdf]
[balajiamines.com/pdf/1572439579BM OUTCOME.pdf]
[balajiamines.com/pdf/1564145153OUTCOMEUPLOAD.pdf]
[balajiamines.com/pdf/1557924880BMoutcome15052019.pdf]
[balajiamines.com/pdf/1548678612OUTCOME28012019.pdf]
[balajiamines.com/pdf/1540988136outcomeBM31102018.pdf]
[balajiamines.com/pdf/1540988087230718BM Outcome .pdf]
[balajiamines.com/pdf/154098807002062018FinancialResults02062018.pdf]
[balajiamines.com/pdf/1540987999140518outcome of Board Meeting.pdf]
[balajiamines.com/pdf/151723093029-01-2018 BM Outcome.pdf]
[balajiamines.com/pdf/151267660701 30-10-2017 BM Outcome.pdf]
[balajiamines.com/pdf/151267658002 27-07-2017 BM Outcome.pdf]
[balajiamines.com/pdf/151267655903 11-05-2017 BM Outcome.pdf]
[balajiamines.com/pdf/151267654404 11-05-2017 BM Outcome.pdf]
[balajiamines.com/pdf/151267652905 06-02-2017 BM Outcome.pdf]
[balajiamines.com/pdf/151267650706 24-10-2016 BM Outcome (2).pdf]
[balajiamines.com/pdf/151267646507 24-10-2016 BM Outcome.pdf]
[balajiamines.com/pdf/1752143243Intimation_of_Record_ Date_Signed.pdf]
[balajiamines.com/pdf/1718459815Intimation.pdf]
[balajiamines.com/pdf/1686055352IntimationofBookClosure.pdf]
[balajiamines.com/pdf/1652268438IntinationofBookClosure.pdf]
[balajiamines.com/pdf/1621905495BookClosure.pdf]
[balajiamines.com/pdf/1596968774Book closure.pdf]
[balajiamines.com/pdf/1558012708img20190516_18434527.pdf]
[balajiamines.com/pdf/1532520128INTIMATIONOFBOOKCLOSURE.pdf]
[balajiamines.com/pdf/151267674829th AGM.pdf]
[balajiamines.com/pdf/151267672928th AGM.pdf]
[balajiamines.com/pdf/151267671027th AGM.pdf]
[balajiamines.com/pdf/1754739473Outcome_Signed.pdf]
[balajiamines.com/pdf/172087346336thAGM.pdf]
[balajiamines.com/pdf/1689173303AGM Outcome.pdf]
[balajiamines.com/pdf/1656669576Outcome 34th AGM.pdf]
[balajiamines.com/pdf/1638861063agmoutcome.pdf]
[balajiamines.com/pdf/1596968360agmoutcome08082020.pdf]
[balajiamines.com/pdf/1564221254Outcome26072019.pdf]
[balajiamines.com/pdf/1535784515Outcome (2).pdf]
[balajiamines.com/pdf/31-07-2017 29th AGM Outcome & Voting Results.pdf]
[balajiamines.com/pdf/01-08-16 28th AGM Outcome.pdf]
[balajiamines.com/pdf/151267692201-08-2016 28th AGM voting results.pdf]
[balajiamines.com/pdf/151267687329-07-2014 27th AGM Outcome & Voting Results.pdf]
[balajiamines.com/pdf/1754644307Proceedings.pdf]
[balajiamines.com/pdf/1720706224Proceedings.pdf]
[balajiamines.com/pdf/1689008191Proceedings.pdf]
[balajiamines.com/pdf/1656508275Proceedings.pdf]
[balajiamines.com/pdf/1628513624Proceedings.pdf]
[balajiamines.com/pdf/1596884685AGMproceeding08082020.pdf]
[balajiamines.com/pdf/1564137316proceedings of 31st AGM.pdf]
[balajiamines.com/pdf/1535634736proceedings.pdf]
[balajiamines.com/pdf/28th AGM.pdf]
[balajiamines.com/pdf/151267717031-07-17 29th AGM.pdf]
[balajiamines.com/pdf/1754739312Outcome_Signed.pdf]
[balajiamines.com/pdf/172087332936thAGM.pdf]
[balajiamines.com/pdf/1689173297AGM Outcome.pdf]
[balajiamines.com/pdf/165674043934th AGM.pdf]
[balajiamines.com/pdf/1638264911agmoutcome.pdf]
[balajiamines.com/pdf/1596968626agmoutcome08082020.pdf]
[balajiamines.com/pdf/1564221390Outcome26072019.pdf]
[balajiamines.com/pdf/1535784428Outcome (2).pdf]
[balajiamines.com/pdf/s29th AGM.pdf]
[balajiamines.com/pdf/151267723227th AGM.pdf]
[balajiamines.com/pdf/176138723630-09-2025 SP.pdf]
[balajiamines.com/pdf/1753176041Website.pdf]
[balajiamines.com/pdf/1744971022SHP-output.pdf]
[balajiamines.com/pdf/173736097731-12-24 SP.pdf]
[balajiamines.com/pdf/1734931907SHP Sept 24.pdf]
[balajiamines.com/pdf/1722598227SHP.pdf]
[balajiamines.com/pdf/1713513330SP.pdf]
[balajiamines.com/pdf/1713513117SHP.pdf]
[balajiamines.com/pdf/1698901438SHP.pdf]
[balajiamines.com/pdf/1689656594SHP.pdf]
[balajiamines.com/pdf/1682398829SHP.pdf]
[balajiamines.com/pdf/1673881028SHP Dec 2022.pdf]
[balajiamines.com/pdf/1666357734SHP.pdf]
[balajiamines.com/pdf/1658205969SHP.pdf]
[balajiamines.com/pdf/1649933811SHP.pdf]
[balajiamines.com/pdf/1641815195SHP.pdf]
[balajiamines.com/pdf/1633775492SHP.pdf]
[balajiamines.com/pdf/1626775774shp.pdf]
[balajiamines.com/pdf/1619608601Share holding Pattern.pdf]
[balajiamines.com/pdf/1619608511SP.pdf]
[balajiamines.com/pdf/1594539494SHP30062020website.pdf]
[balajiamines.com/pdf/1587119379SHPforwebsite31032020.pdf]
[balajiamines.com/pdf/1579840802SHP 31122019.pdf]
[balajiamines.com/pdf/1571298185SHP WEBSITE.pdf]
[balajiamines.com/pdf/1563627204SHP.pdf]
[balajiamines.com/pdf/1554466875SHP.pdf]
[balajiamines.com/pdf/1546517201SHP.pdf]
[balajiamines.com/pdf/1539321654SP.pdf]
[balajiamines.com/pdf/153146155330-06-2018 SP.pdf]
[balajiamines.com/pdf/1522928218SHP 31-3-18.pdf]
[balajiamines.com/pdf/1515563337SP31122017.pdf]
[balajiamines.com/pdf/151267791801 30-09-2017 SP.pdf]
[balajiamines.com/pdf/151267789902 30-06-2017 SP.pdf]
[balajiamines.com/pdf/151267787603 31-03-2017 SP.pdf]
[balajiamines.com/pdf/151267785004 31-12-2016 SP.pdf]
[balajiamines.com/pdf/151267781705 30-09-2016 SP.pdf]
[balajiamines.com/pdf/151267779806 30-06-2016 SP.pdf]
[balajiamines.com/pdf/151267777507 31-03-2016 SP.pdf]
[balajiamines.com/pdf/173744234731-12-24 CG.pdf]
[balajiamines.com/pdf/1732513321CG.pdf]
[balajiamines.com/pdf/1722598267CG.pdf]
[balajiamines.com/pdf/1713512964CG.pdf]
[balajiamines.com/pdf/1704862625CG.pdf]
[balajiamines.com/pdf/1697290113CG.pdf]
[balajiamines.com/pdf/1691752673CG.pdf]
[balajiamines.com/pdf/1682398698CG.pdf]
[balajiamines.com/pdf/1675258325CG Report.pdf]
[balajiamines.com/pdf/1666357696CG.pdf]
[balajiamines.com/pdf/1658207382CG June 2022.pdf]
[balajiamines.com/pdf/1649933863CG.pdf]
[balajiamines.com/pdf/1641974329cg.pdf]
[balajiamines.com/pdf/1634796284CG.pdf]
[balajiamines.com/pdf/1626775884CG.pdf]
[balajiamines.com/pdf/1618482901Corporate Governance.pdf]
[balajiamines.com/pdf/1610444833CG31122020.pdf]
[balajiamines.com/pdf/1601713812CGBAL30092020.pdf]
[balajiamines.com/pdf/1594539532CG30062020website.pdf]
[balajiamines.com/pdf/1587119431CGforwebiste31032020.pdf]
[balajiamines.com/pdf/1579840886CG 31122019.pdf]
[balajiamines.com/pdf/1570779307CG30092019.pdf]
[balajiamines.com/pdf/1562736867CG30062019forwebsite.pdf]
[balajiamines.com/pdf/1554466915CG.pdf]
[balajiamines.com/pdf/1546674764CG.pdf]
[balajiamines.com/pdf/1539321709CG.pdf]
[balajiamines.com/pdf/153146156930-06-2018 CG .pdf]
[balajiamines.com/pdf/1523016062CG.pdf]
[balajiamines.com/pdf/1515563443CG.pdf]
[balajiamines.com/pdf/151267816501 30-09-2017 CG.pdf]
[balajiamines.com/pdf/151267814302 30-06-2017 CG.pdf]
[balajiamines.com/pdf/151267812103 31-03-2017 CG.pdf]
[balajiamines.com/pdf/151267810504 31-12-2016 CG.pdf]
[balajiamines.com/pdf/151267809105 30-09-2016 CG.pdf]
[balajiamines.com/pdf/151267807606 30-06-2016 CG.pdf]
[balajiamines.com/pdf/151267806107 31-03-2016 CG.pdf]
[balajiamines.com/pdf/1759582154BAL-Investor Complaints-30-09-2025.pdf]
[balajiamines.com/pdf/1753859781Investor Complaints.pdf]
[balajiamines.com/pdf/1744605681Investor Complaints (2).pdf]
[balajiamines.com/pdf/1736318721Statement of Investor Complaints.pdf]
[balajiamines.com/pdf/1728644540IG.pdf]
[balajiamines.com/pdf/1720100756Investor Compliants.pdf]
[balajiamines.com/pdf/171283015820240411155433.pdf]
[balajiamines.com/pdf/1704345075Investor Complaints.pdf]
[balajiamines.com/pdf/1696513053Investor Compliants.pdf]
[balajiamines.com/pdf/1688572441IG1.pdf]
[balajiamines.com/pdf/1688572241Investor Compliants.pdf]
[balajiamines.com/pdf/1673000994Investor Compliants.pdf]
[balajiamines.com/pdf/1665401695Investor Compliants.pdf]
[balajiamines.com/pdf/1657025449InvestorCompliants.pdf]
[balajiamines.com/pdf/1649078213InvestorCompliants.pdf]
[balajiamines.com/pdf/1641281280Investor Complaints.pdf]
[balajiamines.com/pdf/1633347115Investor Complaints.pdf]
[balajiamines.com/pdf/1626065300Investorcompliants.pdf]
[balajiamines.com/pdf/1618483014Investor Complaints.pdf]
[balajiamines.com/pdf/1610346074133InvestorCompliantsQ32020.pdf]
[balajiamines.com/pdf/160189350313(3)investorcomplaintQ22020.pdf]
[balajiamines.com/pdf/1594539566Investor complaints 30062020.pdf]
[balajiamines.com/pdf/1586951010Investor Complaints.pdf]
[balajiamines.com/pdf/1578135865Reg13(3).pdf]
[balajiamines.com/pdf/1570428773Statement of Investor Compliants 13(3).pdf]
[balajiamines.com/pdf/1564983450Statement of Investor Compliants.pdf]
[balajiamines.com/pdf/1554466279Statement of Investor Compliants 13(3).pdf]
[balajiamines.com/pdf/1546598647Statement of Investor Complaints 13(3).pdf]
[balajiamines.com/pdf/1539323681Q Ended 31-09-2018.pdf]
[balajiamines.com/pdf/1531461513Q Ended 30-06-2018.pdf]
[balajiamines.com/pdf/1522928253INVESTER COMPLIENTS.pdf]
[balajiamines.com/pdf/1515563474Statementofinvestorcompl311217.pdf]
[balajiamines.com/pdf/151267842601 Q Ended 30-09-2017.pdf]
[balajiamines.com/pdf/151267840602 Q Ended 30-06-2017.pdf]
[balajiamines.com/pdf/151267837804 Q Ended 31-03-2017.pdf]
[balajiamines.com/pdf/151267836405 Q ended 31-12-2016.pdf]
[balajiamines.com/pdf/151267833706 Q Ended 30-09-2016.pdf]
[balajiamines.com/pdf/151267830207 Q Ended 30-06-2016.pdf]
[balajiamines.com/pdf/151267824008 Q Ended 31-03-2016.pdf]
[balajiamines.com/pdf/1753858226RSCA_Signed.pdf]
[balajiamines.com/pdf/1745929877RSCA_signed.pdf]
[balajiamines.com/pdf/1738129921RSCA Intimation.pdf]
[balajiamines.com/pdf/1730266895RSCAWEB.pdf]
[balajiamines.com/pdf/1721826711RSCANSE.pdf]
[balajiamines.com/pdf/1713605487RSCA.pdf]
[balajiamines.com/pdf/1711716488RSCA.pdf]
[balajiamines.com/pdf/1698499563RSCA.pdf]
[balajiamines.com/pdf/1690638707RSCA.pdf]
[balajiamines.com/pdf/1682846772RSCA.pdf]
[balajiamines.com/pdf/1674915120RSCA.pdf]
[balajiamines.com/pdf/1666853876RSCA.pdf]
[balajiamines.com/pdf/1658399020RSCA.pdf]
[balajiamines.com/pdf/1649417362RSCA.pdf]
[balajiamines.com/pdf/1643374406RSCA.pdf]
[balajiamines.com/pdf/1634905689RSCA.pdf]
[balajiamines.com/pdf/1626871215rsca30062021.pdf]
[balajiamines.com/pdf/1619607854RSCA30032021.pdf]
[balajiamines.com/pdf/1610345985RSCA55AQ32020.pdf]
[balajiamines.com/pdf/1602138961Bal55AQ22020.pdf]
[balajiamines.com/pdf/1594798403Reconciliation of Audit Report150720.pdf]
[balajiamines.com/pdf/158933043455A.pdf]
[balajiamines.com/pdf/1579599072rsca.pdf]
[balajiamines.com/pdf/1571395149RSCA 30092019.pdf]
[balajiamines.com/pdf/1564983511RSCA 30062019.pdf]
[balajiamines.com/pdf/1554898878Reconciliation of Share capital.pdf]
[balajiamines.com/pdf/1546680569Reconciliation of Share Capital.pdf]
[balajiamines.com/pdf/1540360034Reconciliaion of share Capital .pdf]
[balajiamines.com/pdf/1532002057Q Ended 30-06-2018.pdf]
[balajiamines.com/pdf/1524134245RSCA 31318.pdf]
[balajiamines.com/pdf/1524134221RSCA 31122017.pdf]
[balajiamines.com/pdf/1524134195Rsca 30092017.pdf]
[balajiamines.com/pdf/1759580285Certificate.pdf]
[balajiamines.com/pdf/1751551239Certificate_Signed.pdf]
[balajiamines.com/pdf/174377387974(5)_signed.pdf]
[balajiamines.com/pdf/1736253065Certificate.pdf]
[balajiamines.com/pdf/1728644298certificet .pdf]
[balajiamines.com/pdf/172010065774.pdf]
[balajiamines.com/pdf/171220466874.pdf]
[balajiamines.com/pdf/170434319174.pdf]
[balajiamines.com/pdf/169651309174_5.pdf]
[balajiamines.com/pdf/168857247774(5).pdf]
[balajiamines.com/pdf/168087201774.pdf]
[balajiamines.com/pdf/1673001043Reg74.pdf]
[balajiamines.com/pdf/166540174574 5.pdf]
[balajiamines.com/pdf/165701863174.pdf]
[balajiamines.com/pdf/164907825174.pdf]
[balajiamines.com/pdf/164128132574(5).pdf]
[balajiamines.com/pdf/163334752074 5.pdf]
[balajiamines.com/pdf/162606532874.pdf]
[balajiamines.com/pdf/161855271174.pdf]
[balajiamines.com/pdf/161034571974(5)Q32020.pdf]
[balajiamines.com/pdf/160189087674(5) CoverlettercertificateQ22020.pdf]
[balajiamines.com/pdf/1594539612745.pdf]
[balajiamines.com/pdf/158704878274 5.pdf]
[balajiamines.com/pdf/1578135934Reg 74(5).pdf]
[balajiamines.com/pdf/1570429647Certificate under Reg 74(5).pdf]
[balajiamines.com/pdf/1650285241BA.pdf]
[balajiamines.com/pdf/1618483144Reg.pdf]
[balajiamines.com/pdf/1601618510reg7(3).pdf]
[balajiamines.com/pdf/158694940173.pdf]
[balajiamines.com/pdf/1570429536balaji.pdf]
[balajiamines.com/pdf/1570429192img20191007_11465821.pdf]
[balajiamines.com/pdf/1540452822Compliance Certificate 7(3) .pdf]
[balajiamines.com/pdf/1522928284BalajiAminesComplianceCertificate.pdf]
[balajiamines.com/pdf/1512678760HY ended 30-10-2017.pdf]
[balajiamines.com/pdf/1512678740HY ended 31-03-2017.pdf]
[balajiamines.com/pdf/168284685440_9.pdf]
[balajiamines.com/pdf/167894208740(9).pdf]
[balajiamines.com/pdf/161960902040.pdf]
[balajiamines.com/pdf/1602139419Bal40-9Q22020.pdf]
[balajiamines.com/pdf/1589330563409.pdf]
[balajiamines.com/pdf/1571395118Reg 40 9.pdf]
[balajiamines.com/pdf/155489891140(9).pdf]
[balajiamines.com/pdf/1540454177Compliance Certificate 40(9).pdf]
[balajiamines.com/pdf/1524110846Compliance Certificate under Regulation 40(9).pdf]
[balajiamines.com/pdf/1512678852HY Ended 30-09-2017.pdf]
[balajiamines.com/pdf/1512678822HY Ended 31-03-2017.pdf]
[balajiamines.com/pdf/1763529421RPT.pdf]
[balajiamines.com/pdf/1752662620RPT Meged.pdf]
[balajiamines.com/pdf/1732518529RPT Sept 2024.pdf]
[balajiamines.com/pdf/1732518502RPT March 2024_.pdf]
[balajiamines.com/pdf/1732516825RPT Sept 2023.pdf]
[balajiamines.com/pdf/1732516796RPT March 2023.pdf]
[balajiamines.com/pdf/1732516768RPT Sept 2022.pdf]
[balajiamines.com/pdf/1654619688RelatedPartyTransactions.pdf]
[balajiamines.com/pdf/1638352145RPT Sept 2021.pdf]
[balajiamines.com/pdf/1622552892RPT.pdf]
[balajiamines.com/pdf/1604573892RPT30092020.pdf]
[balajiamines.com/pdf/1592918396RPT31032020.pdf]
[balajiamines.com/pdf/1573280989Related Party Transactions.pdf]
[balajiamines.com/pdf/1559640489RPT Half-yearly.pdf]
[balajiamines.com/pdf/1763720561Advt_Re-Lodgement_Marathi.pdf]
[balajiamines.com/pdf/1763720473Advt_Re-Lodgment_English.pdf]
[balajiamines.com/pdf/1762952016BAL-News ADV-Finantial Result-Marathi.pdf]
[balajiamines.com/pdf/1762951965Business Standard.pdf]
[balajiamines.com/pdf/17589784062) BAL-Re-Lodgement-Newspaper Advertisement-Marathi.pdf]
[balajiamines.com/pdf/17589783741) BAL-Re-Lodgement-Newspaper Advertisement-English.pdf]
[balajiamines.com/pdf/1756105976BAL-Marathi-IEPF Campaign-News Advertisment-24-08-2025.pdf]
[balajiamines.com/pdf/1756105874BAL-English-IEPF Campaign-News Advertisment-24-08-2025.pdf]
[balajiamines.com/pdf/1756105257BAl-Marathi-News Advertisment-Re-lodgement of Transfer of Shares--24-08-2025.pdf]
[balajiamines.com/pdf/1756105231BAl-English-News Advertisment-Re-lodgement of Transfer of Shares--24-08-2025.pdf]
[balajiamines.com/pdf/1754293105Sanchar_Marathi.pdf]
[balajiamines.com/pdf/1754293036Balaji Amines_English.pdf]
[balajiamines.com/pdf/17526608992) BAL_After Dispatch_Marathi.pdf]
[balajiamines.com/pdf/17526608651)BAL-After Dispatch-English-16-07-2025.pdf]
[balajiamines.com/pdf/1752132000Newspaper Advertisement Marathi.pdf]
[balajiamines.com/pdf/1752131431BAL-Before Dispatch-English Advertisment.pdf]
[balajiamines.com/pdf/1749900084BAL-IEPF NOTICE-Marathi.pdf]
[balajiamines.com/pdf/1749900044BAL-IEPF NOTICE-English.pdf]
[balajiamines.com/pdf/1748609022Marathi.pdf]
[balajiamines.com/pdf/1748608724Balaji Amines - AFR (BS - 30 May 25).pdf]
[balajiamines.com/pdf/1739445251Marathi Newspaper.pdf]
[balajiamines.com/pdf/1739429376Balaji Amines - UFR (BS - 13 Feb 25).pdf]
[balajiamines.com/pdf/1731673336Sanchar.pdf]
[balajiamines.com/pdf/1731673295Business Standard.pdf]
[balajiamines.com/pdf/1723266898English.pdf]
[balajiamines.com/pdf/1723266486Marathi.pdf]
[balajiamines.com/pdf/1718878495English.pdf]
[balajiamines.com/pdf/1718878466Marathi.pdf]
[balajiamines.com/pdf/1718459666Newspaper Ad-Marathi.pdf]
[balajiamines.com/pdf/1718459592Newpaper Ad-English.pdf]
[balajiamines.com/pdf/1717751159English.pdf]
[balajiamines.com/pdf/1717399835IEPF_Marathi.pdf]
[balajiamines.com/pdf/1715335391Marathi.pdf]
[balajiamines.com/pdf/1715335352English.pdf]
[balajiamines.com/pdf/1706786174English.pdf]
[balajiamines.com/pdf/1706786151Marathi Financial.pdf]
[balajiamines.com/pdf/1699589741English.pdf]
[balajiamines.com/pdf/1699589705Marathi.pdf]
[balajiamines.com/pdf/16977876971693568666English.pdf]
[balajiamines.com/pdf/16977876671693568698Marathi.pdf]
[balajiamines.com/pdf/1697787587Newspaper Advt-1.pdf]
[balajiamines.com/pdf/1697787556Newspaper Advt-2.pdf]
[balajiamines.com/pdf/1687187714English.pdf]
[balajiamines.com/pdf/1687187694Marathi.pdf]
[balajiamines.com/pdf/1686932934Marathi.pdf]
[balajiamines.com/pdf/1686932907English.pdf]
[balajiamines.com/pdf/1684773046English.pdf]
[balajiamines.com/pdf/1684772931Matathi.pdf]
[balajiamines.com/pdf/1675770633img20230207_16192839.pdf]
[balajiamines.com/pdf/1667041694Marathi.pdf]
[balajiamines.com/pdf/1667041661English.pdf]
[balajiamines.com/pdf/1660392755Marathi.pdf]
[balajiamines.com/pdf/1660392632English.pdf]
[balajiamines.com/pdf/1675770567Balaji Amines Limited-Results, Extract of Standalone & Consolidated Unaudited Financial Results for the Quarter AND Nine month Ended December 31, 2022,.3aa.de]
[balajiamines.com/pdf/1658465829Marathi.pdf]
[balajiamines.com/pdf/1658465758English.pdf]
[balajiamines.com/pdf/1654926050Newspaper Marathi.pdf]
[balajiamines.com/pdf/1654926004Newspaper English.pdf]
[balajiamines.com/pdf/1654619611Marathi.pdf]
[balajiamines.com/pdf/1654619581English.pdf]
[balajiamines.com/pdf/1654316904AGM Notice Mar.pdf]
[balajiamines.com/pdf/1654316856AGM Notice Eng.pdf]
[balajiamines.com/pdf/1652361119Marathi.pdf]
[balajiamines.com/pdf/1652361095English.pdf]
[balajiamines.com/pdf/1643887540Marathi.pdf]
[balajiamines.com/pdf/1643886294English.pdf]
[balajiamines.com/pdf/1635426467Marathi.pdf]
[balajiamines.com/pdf/1635426442English.pdf]
[balajiamines.com/pdf/1627986459English.pdf]
[balajiamines.com/pdf/1627986436Marathi.pdf]
[balajiamines.com/pdf/1626697587Marathi.pdf]
[balajiamines.com/pdf/1626697552English.pdf]
[balajiamines.com/pdf/1626065553Marathi.pdf]
[balajiamines.com/pdf/1626065428English.pdf]
[balajiamines.com/pdf/1624691409Marathi.pdf]
[balajiamines.com/pdf/1624691387English.pdf]
[balajiamines.com/pdf/1612867977Newspaper Advt Marathi.pdf]
[balajiamines.com/pdf/1612867755Newspaper Advt English.pdf]
[balajiamines.com/pdf/1612175708newsadmarathi.pdf]
[balajiamines.com/pdf/1612175537newsbmenglish.pdf]
[balajiamines.com/pdf/1604985507NewspaperADPostalBallot10112020.pdf]
[balajiamines.com/pdf/1604466509Postalballotademailidupdation.pdf]
[balajiamines.com/pdf/1603957240newsadfinancialsbm29102020.pdf]
[balajiamines.com/pdf/1603280025NEWSADBM28102020 (2).pdf]
[balajiamines.com/pdf/1601878887NewspaperAdBMintimation30102020.pdf]
[balajiamines.com/pdf/1597312821newspaperadfinancials13082020.pdf]
[balajiamines.com/pdf/1596267215ADBMNOTICE01082020.pdf]
[balajiamines.com/pdf/1594798500News Paper Advertisement 150720.pdf]
[balajiamines.com/pdf/1594534157newspaperadagm12072020.pdf]
[balajiamines.com/pdf/1593588442newspaperadiepf01072020.pdf]
[balajiamines.com/pdf/1584439740Marathi.pdf]
[balajiamines.com/pdf/1584439723English.pdf]
[balajiamines.com/pdf/1580454842Marathi.pdf]
[balajiamines.com/pdf/1580454784English.pdf]
[balajiamines.com/pdf/1577766454img20191231_09533658.pdf]
[balajiamines.com/pdf/1577766426English.pdf]
[balajiamines.com/pdf/1572514527Marathi.pdf]
[balajiamines.com/pdf/1572514499results (1).pdf]
[balajiamines.com/pdf/1569995982Intimation to SE-3.pdf]
[balajiamines.com/pdf/1569995920Intimation to SE-2.pdf]
[balajiamines.com/pdf/1564206744Pudhari.pdf]
[balajiamines.com/pdf/1564206687Business Standard.pdf]
[balajiamines.com/pdf/1562395199Marathi.pdf]
[balajiamines.com/pdf/1562395151English.pdf]
[balajiamines.com/pdf/1561959478Notice 31st AGM english.pdf]
[balajiamines.com/pdf/1561959361legal.pdf]
[balajiamines.com/pdf/1558509389English.pdf]
[balajiamines.com/pdf/1558509291Marathi.pdf]
[balajiamines.com/pdf/1558507718Marathi.pdf]
[balajiamines.com/pdf/1558507699English.pdf]
[balajiamines.com/pdf/1556772621Sanchar.pdf]
[balajiamines.com/pdf/1556772585Indian Express.pdf]
[balajiamines.com/pdf/1548753011marathi.pdf]
[balajiamines.com/pdf/1548752988English.pdf]
[balajiamines.com/pdf/1547727848Pudhari.pdf]
[balajiamines.com/pdf/1547727827Indian Express.pdf]
[balajiamines.com/pdf/1541073036Sanchar Newspaper Advt 31102018.pdf]
[balajiamines.com/pdf/1541072946PAPER RESULTS.pdf]
[balajiamines.com/pdf/1539767903Punyanagari .pdf]
[balajiamines.com/pdf/1539767793Financial Express .pdf]
[balajiamines.com/pdf/1533539422Sakal 30th AGM Notice.pdf]
[balajiamines.com/pdf/1533539378Indian Express 30th AGM Notice .pdf]
[balajiamines.com/pdf/1532670074Financials.pdf]
[balajiamines.com/pdf/1531572272BM Notice  English.pdf]
[balajiamines.com/pdf/1527144073Indian Express.pdf]
[balajiamines.com/pdf/1527144013Divya Marathi.pdf]
[balajiamines.com/pdf/1526358906Financials English.pdf]
[balajiamines.com/pdf/1526358867Financials Marathi.pdf]
[balajiamines.com/pdf/1524717971Punya Nagari  Newspaper advt.pdf]
[balajiamines.com/pdf/1524717840Lokmat Times newspaper advt.pdf]
[balajiamines.com/pdf/151737433631122017.pdf]
[balajiamines.com/pdf/1517299687convert-jpg-to-pdf net_2018-01-30_08-47-28.pdf]
[balajiamines.com/pdf/1514615164NWADVT29122017.pdf]
[balajiamines.com/pdf/1512678890Amalgamation Ads.pdf]
[balajiamines.com/pdf/1762857781Press_Release_Signed.pdf]
[balajiamines.com/pdf/1754151925Press_Realease.pdf]
[balajiamines.com/pdf/1748497920Press_Release_signed.pdf]
[balajiamines.com/pdf/1739376430Press Release.pdf]
[balajiamines.com/pdf/1731597378Intimation.pdf]
[balajiamines.com/pdf/1723036945PR.pdf]
[balajiamines.com/pdf/1715174599PR.pdf]
[balajiamines.com/pdf/1706760402PR.pdf]
[balajiamines.com/pdf/16995064218bf1afac-7ea4-4012-af5d-61adcb2e0021.pdf]
[balajiamines.com/pdf/1693546475Pressrelease.pdf]
[balajiamines.com/pdf/1684691873PressRelease.pdf]
[balajiamines.com/pdf/1675767372PR.pdf]
[balajiamines.com/pdf/1666931291PR.pdf]
[balajiamines.com/pdf/1663162893Press Release.pdf]
[balajiamines.com/pdf/1660309557PR.pdf]
[balajiamines.com/pdf/1652339537Press Release.pdf]
[balajiamines.com/pdf/1643867033Press Release.pdf]
[balajiamines.com/pdf/1635340738Press Release.pdf]
[balajiamines.com/pdf/1627915970Pressrelease.pdf]
[balajiamines.com/pdf/1627915921Press Release.pdf]
[balajiamines.com/pdf/1612792091press.pdf]
[balajiamines.com/pdf/1603956963pressrelease30092020.pdf]
[balajiamines.com/pdf/1597294192pressrelease.pdf]
[balajiamines.com/pdf/1592918679pressrelease.pdf]
[balajiamines.com/pdf/1580463069Press.pdf]
[balajiamines.com/pdf/1572497175Press Release.pdf]
[balajiamines.com/pdf/1566995493Press Release BSCPL.pdf]
[balajiamines.com/pdf/1564146787Pressupload.pdf]
[balajiamines.com/pdf/1753782419CSRActionPlan2025-26.pdf]
[balajiamines.com/pdf/1744374465Whistle Blower Policy.pdf]
[balajiamines.com/pdf/1744374244Policy on Related Party Transactions.pdf]
[balajiamines.com/pdf/1744374223Policy on Material Subsidiaries.pdf]
[balajiamines.com/pdf/1744374197Archival Policy.pdf]
[balajiamines.com/pdf/1744374171Nomination, Remuneration and Evaluation Policy.pdf]
[balajiamines.com/pdf/1744374137Policy on Preservation of Documents.pdf]
[balajiamines.com/pdf/1715840061SupplierCodeofConduct.pdf]
[balajiamines.com/pdf/1709547488CriteriaforPaymenttoNonExecutiveDirectors.pdf]
[balajiamines.com/pdf/1709545684PolicyforProcedureofInquiryincaseofLeakofUPSI.pdf]
[balajiamines.com/pdf/1709545145CodeofConductforDirectorsandSeniorManagement.pdf]
[balajiamines.com/pdf/1708062412CorporateSocialReponsibilityPolicy.pdf]
[balajiamines.com/pdf/1708002869FamiliarisationProgramme.pdf]
[balajiamines.com/pdf/1703161222TermsandConditionsofAppointmentofIndependentDirectors.pdf]
[balajiamines.com/pdf/1703159270DividendDistributionPolicy.pdf]
[balajiamines.com/pdf/1702972928RiskManagementPolicy.pdf]
[balajiamines.com/pdf/1700893568PolicyforDeterminationofMaterialityofEventsorInformation.pdf]
[balajiamines.com/pdf/1698395742Code of Business Conduct and Ethics.pdf]
[balajiamines.com/pdf/1686925902Human Rights Policy.pdf]
[balajiamines.com/pdf/1645091304Anti Sexual Harassment Policy.pdf]
[balajiamines.com/pdf/1751968252IEPF2_20250708110303.pdf]
[balajiamines.com/pdf/1732532240Unclaimed Dividend 2022-23.pdf]
[balajiamines.com/pdf/1732532198Unclaimed Dividend 2021-22.pdf]
[balajiamines.com/pdf/1732532151Unclaimed Dividend 2020-21.pdf]
[balajiamines.com/pdf/1732532111Unclaimed Dividend 2019-20 Final Dividend.pdf]
[balajiamines.com/pdf/1732532090Unclaimed Dividend 2019-20 Interim Dividend.pdf]
[balajiamines.com/pdf/1732532011Unclaimed Dividend 2018-19.pdf]
[balajiamines.com/pdf/1732531985Unclaimed Dividend 2017-18.pdf]
[balajiamines.com/pdf/1717754572Share Transfered detailsIEPF2024.pdf]
[balajiamines.com/pdf/16942665661694263454Details of Shares Transferred to IEPF - 2023.pdf]
[balajiamines.com/pdf/1694266499IEPF_2022.pdf]
[balajiamines.com/pdf/16942634371638874461Details of Shares Transferred to IEPF 2021.pdf]
[balajiamines.com/pdf/1694263411Details of Shares Transferred to IEPF - 2020.pdf]
[balajiamines.com/pdf/1694262796Unclaimed Dividend 2016-17.pdf]
[balajiamines.com/pdf/1694262744Unclaimed Dividend 2015-16.pdf]
[balajiamines.com/pdf/1573886799Details of Shares Transferred to IEPF-2019_final.pdf]
[balajiamines.com/pdf/157388655814-15.pdf]
[balajiamines.com/pdf/157388651713-14.pdf]
[balajiamines.com/pdf/157388648012-13.pdf]
[balajiamines.com/pdf/1573886439Unclaimed Dividend.pdf]
[balajiamines.com/pdf/152661848420-02-2018 Order of Scheme of Amalgamation.pdf]
[balajiamines.com/pdf/15126808131509344544TCM.pdf]
[balajiamines.com/pdf/151268078515075282081.pdf]
[balajiamines.com/pdf/151268076115075281872.pdf]
[balajiamines.com/pdf/151268073915075281423.pdf]
[balajiamines.com/pdf/151268071115075281084.pdf]
[balajiamines.com/pdf/151268065415075281084.pdf]
[balajiamines.com/pdf/151268062015075280535.pdf]
[balajiamines.com/pdf/151268059115075279816.pdf]
[balajiamines.com/pdf/151268056615075279517.pdf]
[balajiamines.com/pdf/151268054415075278929.pdf]
[balajiamines.com/pdf/1512680517150752785710.pdf]
[balajiamines.com/pdf/1512680489150752781411.pdf]
[balajiamines.com/pdf/1512680463150752776912.pdf]
[balajiamines.com/pdf/15126802361507527734BAL REPORT.pdf]
[balajiamines.com/pdf/15126802141507527699BCL REPORT.pdf]
[balajiamines.com/pdf/15126801951507527658NOC from BSE.pdf]
[balajiamines.com/pdf/15126801441507527636NOC from BSE.pdf]
[balajiamines.com/pdf/15126799571507527597Notice of Tribunal Convened Meeting of Equity Shareholders (1).pdf]
[balajiamines.com/pdf/15126799351507527464Postal Ballot Notice for Tribunal convened Meeting of Equity Share holders.pdf]
[balajiamines.com/pdf/15126798931507527377Notice of Tribunal Convened Meeting of Sundry creditors.pdf]
[balajiamines.com/pdf/15126798591507526965Postal Ballot form along with Instructions.pdf]
[balajiamines.com/pdf/15126798281507526855ANN-01 Scheme of Amalgamation.pdf]
[balajiamines.com/pdf/15126798081507526727ANN-02 Valuation Report.pdf]
[balajiamines.com/pdf/15126797851507526687ANN-03 Report of Audit Committee.pdf]
[balajiamines.com/pdf/15126797571507526648ANN-04 Fairness opinion.pdf]
[balajiamines.com/pdf/15126797391507526604ANN-05 Shareholding pattern of all the Companies - Pre and Post.pdf]
[balajiamines.com/pdf/15126797131507526571ANN-06 Audited financials of last 3 years of all the companies.pdf]
[balajiamines.com/pdf/15126796851507526525ANN-07 Auditor certificate on confirmation of Accounting Standards.pdf]
[balajiamines.com/pdf/15126796641507526490ANN-11 Board Resolutions.pdf]
[balajiamines.com/pdf/15126796431507526414COMPLAINTS REPORT.pdf]
[balajiamines.com/pdf/1608811253ESOPTRUSTDEED2020.pdf]
[balajiamines.com/pdf/1608117765MinutesofResolutionpassedbypostalballot.pdf]
[balajiamines.com/pdf/16081176441608104325PBRESULT.pdf]
[balajiamines.com/pdf/1608104284NewspaperADPostalBallot10112020.pdf]
[balajiamines.com/pdf/1604904446BALAJI MOA AOA.pdf]
[balajiamines.com/pdf/1604902939ESOP SCHEME 2020.pdf]
[balajiamines.com/pdf/1604902898POSTAL BALLOT NOTICE ESOP.pdf]
[balajiamines.com/pdf/1604466638Postalballotademailidupdation.pdf]
[balajiamines.com/pdf/1752661995ASCR_Signed.pdf]
[balajiamines.com/pdf/1716469584ASCR.pdf]
[balajiamines.com/pdf/1685442928ASCR.pdf]
[balajiamines.com/pdf/1653485722Secretariarl Audit report.pdf]
[balajiamines.com/pdf/1623152582AnnualCompliancereport.pdf]
[balajiamines.com/pdf/1592918480compliancereport31032020.pdf]
[balajiamines.com/pdf/1558325864Annual Secretarial Compliance-Report.pdf]
[balajiamines.com/pdf/17128292967.pdf]
[balajiamines.com/pdf/16817049247(3).pdf]
[balajiamines.com/pdf/1681467514HY ended 31-03-2022.pdf]
[balajiamines.com/pdf/1681467140HY ended 31-03-2021.pdf]
[balajiamines.com/pdf/1681467043HY ended 30-09-2020.pdf]
[balajiamines.com/pdf/1681467009HY ended 31-03-2020.pdf]
[balajiamines.com/pdf/1681466977HY ended 30-09-2019.pdf]
[balajiamines.com/pdf/1681466949HY ended 31-03-2019.pdf]
[balajiamines.com/pdf/1681466919HY ended 30-09-2018.pdf]
[balajiamines.com/pdf/1681466888HY ended 31-03-2018.pdf]
[balajiamines.com/pdf/1681466833HY ended 30-10-2017.pdf]
[balajiamines.com/pdf/1681466764HY ended 31-03-2017.pdf]
[balajiamines.com/pdf/171360537340.pdf]
[balajiamines.com/pdf/168284693840_9.pdf]
[balajiamines.com/pdf/1681468784HY Ended 31-03-2022.pdf]
[balajiamines.com/pdf/1681468762HY Ended 31-03-2021.pdf]
[balajiamines.com/pdf/1681468741HY Ended 30-09-2020.pdf]
[balajiamines.com/pdf/1681468715HY Ended 31-03-2020.pdf]
[balajiamines.com/pdf/1681468687HY Ended 30-09-2019.pdf]
[balajiamines.com/pdf/1681468665HY Ended 31-03-2019.pdf]
[balajiamines.com/investor-relations.html]
[balajiamines.com/pdf/1681468641HY Ended 30-09-2018.pdf]
[balajiamines.com/wp-content/uploads/2015/10/careers_banner.jpg]
[balajiamines.com/careers.html]
[balajiamines.com/csr/1673697472.jpg]
[balajiamines.com/csr/350_1673697472.jpg]
[balajiamines.com/csr/1673697460.jpg]
[balajiamines.com/csr/350_1673697460.jpg]
[balajiamines.com/csr/1673697430.jpg]
[balajiamines.com/csr/350_1673697430.jpg]
[balajiamines.com/csr/1673697422.jpg]
[balajiamines.com/csr/350_1673697422.jpg]
[balajiamines.com/csr/1673697401.jpg]
[balajiamines.com/csr/350_1673697401.jpg]
[balajiamines.com/csr/1673697391.jpg]
[balajiamines.com/csr/350_1673697391.jpg]
[balajiamines.com/csr/1673697369.jpg]
[balajiamines.com/csr/350_1673697369.jpg]
[balajiamines.com/csr/1673697341.jpg]
[balajiamines.com/csr/350_1673697341.jpg]
[balajiamines.com/csr/1673697320.jpg]
[balajiamines.com/csr/350_1673697320.jpg]
[balajiamines.com/csr/1673697311.jpg]
[balajiamines.com/csr/350_1673697311.jpg]
[balajiamines.com/csr/1673697284.jpg]
[balajiamines.com/csr/350_1673697284.jpg]
[balajiamines.com/csr/1673697230.jpg]
[balajiamines.com/csr/350_1673697230.jpg]
[balajiamines.com/csr/1665391205.jpg]
[balajiamines.com/csr/350_1665391205.jpg]
[balajiamines.com/csr/1665391121.jpg]
[balajiamines.com/csr/350_1665391121.jpg]
[balajiamines.com/csr/1665391107.jpg]
[balajiamines.com/csr/350_1665391107.jpg]
[balajiamines.com/csr/1665391092.jpg]
[balajiamines.com/csr/350_1665391092.jpg]
[balajiamines.com/csr/1665391077.jpg]
[balajiamines.com/csr/350_1665391077.jpg]
[balajiamines.com/csr/1665391059.jpg]
[balajiamines.com/csr/350_1665391059.jpg]
[balajiamines.com/csr/1665391038.jpg]
[balajiamines.com/csr/350_1665391038.jpg]
[balajiamines.com/csr/1665391019.jpg]
[balajiamines.com/csr/350_1665391019.jpg]
[balajiamines.com/csr/1665390993.jpg]
[balajiamines.com/csr/350_1665390993.jpg]
[balajiamines.com/csr/1665390975.jpg]
[balajiamines.com/csr/350_1665390975.jpg]
[balajiamines.com/csr/1665390938.jpg]
[balajiamines.com/csr/350_1665390938.jpg]
[balajiamines.com/csr/1665390915.jpg]
[balajiamines.com/csr/350_1665390915.jpg]
[balajiamines.com/csr/1665390882.jpg]
[balajiamines.com/csr/350_1665390882.jpg]
[balajiamines.com/csr/1665390863.jpg]
[balajiamines.com/csr/350_1665390863.jpg]
[balajiamines.com/csr/1665390847.jpg]
[balajiamines.com/csr/350_1665390847.jpg]
[balajiamines.com/csr/1665390829.jpg]
[balajiamines.com/csr/350_1665390829.jpg]
[balajiamines.com/csr/1665390791.jpg]
[balajiamines.com/csr/350_1665390791.jpg]
[balajiamines.com/csr/1665390376.jpg]
[balajiamines.com/csr/350_1665390376.jpg]
[balajiamines.com/csr/1656671246.jpg]
[balajiamines.com/csr/350_1656671246.jpg]
[balajiamines.com/csr/1656671184.jpg]
[balajiamines.com/csr/350_1656671184.jpg]
[balajiamines.com/csr/1656669990.jpg]
[balajiamines.com/csr/350_1656669990.jpg]
[balajiamines.com/csr/1656669943.jpg]
[balajiamines.com/csr/350_1656669943.jpg]
[balajiamines.com/csr/1656669908.jpg]
[balajiamines.com/csr/350_1656669908.jpg]
[balajiamines.com/csr/1656669870.jpg]
[balajiamines.com/csr/350_1656669870.jpg]
[balajiamines.com/csr/1656669829.jpg]
[balajiamines.com/csr/350_1656669829.jpg]
[balajiamines.com/csr/1656669528.jpg]
[balajiamines.com/csr/350_1656669528.jpg]
[balajiamines.com/csr/1649156206.jpg]
[balajiamines.com/csr/350_1649156206.jpg]
[balajiamines.com/csr/1649156050.jpg]
[balajiamines.com/csr/350_1649156050.jpg]
[balajiamines.com/csr/1649156026.jpg]
[balajiamines.com/csr/350_1649156026.jpg]
[balajiamines.com/csr/1648190299.jpg]
[balajiamines.com/csr/350_1648190299.jpg]
[balajiamines.com/csr/1648189813.jpg]
[balajiamines.com/csr/350_1648189813.jpg]
[balajiamines.com/csr/1648189129.jpg]
[balajiamines.com/csr/350_1648189129.jpg]
[balajiamines.com/csr/1645506719.jpg]
[balajiamines.com/csr/350_1645506719.jpg]
[balajiamines.com/csr/1645505263.jpg]
[balajiamines.com/csr/350_1645505263.jpg]
[balajiamines.com/csr/1645505243.jpg]
[balajiamines.com/csr/350_1645505243.jpg]
[balajiamines.com/csr/1644057428.jpg]
[balajiamines.com/csr/350_1644057428.jpg]
[balajiamines.com/csr/1644057408.jpg]
[balajiamines.com/csr/350_1644057408.jpg]
[balajiamines.com/csr/1644057173.jpg]
[balajiamines.com/csr/350_1644057173.jpg]
[balajiamines.com/csr/1644056754.jpg]
[balajiamines.com/csr/350_1644056754.jpg]
[balajiamines.com/csr/1644056705.jpg]
[balajiamines.com/csr/350_1644056705.jpg]
[balajiamines.com/csr/1644056575.jpg]
[balajiamines.com/csr/350_1644056575.jpg]
[balajiamines.com/csr/1644056047.jpg]
[balajiamines.com/csr/350_1644056047.jpg]
[balajiamines.com/csr/1644056010.jpg]
[balajiamines.com/csr/350_1644056010.jpg]
[balajiamines.com/csr/1644055680.jpg]
[balajiamines.com/csr/350_1644055680.jpg]
[balajiamines.com/csr/1644055657.jpg]
[balajiamines.com/csr/350_1644055657.jpg]
[balajiamines.com/csr/1644055632.jpg]
[balajiamines.com/csr/350_1644055632.jpg]
[balajiamines.com/csr/1644055605.jpg]
[balajiamines.com/csr/350_1644055605.jpg]
[balajiamines.com/csr/1644055582.jpg]
[balajiamines.com/csr/350_1644055582.jpg]
[balajiamines.com/csr/1644055553.jpg]
[balajiamines.com/csr/350_1644055553.jpg]
[balajiamines.com/csr/1644055491.jpg]
[balajiamines.com/csr/350_1644055491.jpg]
[balajiamines.com/csr/1640174213.jpg]
[balajiamines.com/csr/350_1640174213.jpg]
[balajiamines.com/csr/1640174102.jpg]
[balajiamines.com/csr/350_1640174102.jpg]
[balajiamines.com/csr/1640174053.jpg]
[balajiamines.com/csr/350_1640174053.jpg]
[balajiamines.com/csr/1629265963.jpg]
[balajiamines.com/csr/350_1629265963.jpg]
[balajiamines.com/csr/1629265922.jpg]
[balajiamines.com/csr/350_1629265922.jpg]
[balajiamines.com/csr/1629265892.jpg]
[balajiamines.com/csr/350_1629265892.jpg]
[balajiamines.com/csr/1628943428.jpg]
[balajiamines.com/csr/350_1628943428.jpg]
[balajiamines.com/csr/1628943361.jpg]
[balajiamines.com/csr/350_1628943361.jpg]
[balajiamines.com/csr/1620126229.jpg]
[balajiamines.com/csr/350_1620126229.jpg]
[balajiamines.com/csr/1620126166.jpg]
[balajiamines.com/csr/350_1620126166.jpg]
[balajiamines.com/csr/1620125536.jpg]
[balajiamines.com/csr/350_1620125536.jpg]
[balajiamines.com/csr/1620125464.jpg]
[balajiamines.com/csr/350_1620125464.jpg]
[balajiamines.com/csr/1620125411.jpg]
[balajiamines.com/csr/350_1620125411.jpg]
[balajiamines.com/csr/1620125350.jpg]
[balajiamines.com/csr/350_1620125350.jpg]
[balajiamines.com/csr/1613737724.jpg]
[balajiamines.com/csr/350_1613737724.jpg]
[balajiamines.com/csr/1613737339.jpg]
[balajiamines.com/csr/350_1613737339.jpg]
[balajiamines.com/csr/1607167712.jpg]
[balajiamines.com/csr/350_1607167712.jpg]
[balajiamines.com/csr/1607167593.jpg]
[balajiamines.com/csr/350_1607167593.jpg]
[balajiamines.com/csr/1606129269.jpg]
[balajiamines.com/csr/350_1606129269.jpg]
[balajiamines.com/csr/1606129147.jpg]
[balajiamines.com/csr/350_1606129147.jpg]
[balajiamines.com/csr/1606123815.jpg]
[balajiamines.com/csr/350_1606123815.jpg]
[balajiamines.com/csr/1606123773.jpg]
[balajiamines.com/csr/350_1606123773.jpg]
[balajiamines.com/csr/1606123427.jpg]
[balajiamines.com/csr/350_1606123427.jpg]
[balajiamines.com/csr/1602588517.jpg]
[balajiamines.com/csr/350_1602588517.jpg]
[balajiamines.com/csr/1602588172.jpg]
[balajiamines.com/csr/350_1602588172.jpg]
[balajiamines.com/csr/1602587571.jpg]
[balajiamines.com/csr/350_1602587571.jpg]
[balajiamines.com/csr/1602583384.jpg]
[balajiamines.com/csr/350_1602583384.jpg]
[balajiamines.com/csr/1600945029.jpg]
[balajiamines.com/csr/350_1600945029.jpg]
[balajiamines.com/csr/1600945015.jpg]
[balajiamines.com/csr/350_1600945015.jpg]
[balajiamines.com/csr/1600944973.jpg]
[balajiamines.com/csr/350_1600944973.jpg]
[balajiamines.com/csr/1600766727.png]
[balajiamines.com/csr/350_1600766727.png]
[balajiamines.com/csr/1600684791.jpg]
[balajiamines.com/csr/350_1600684791.jpg]
[balajiamines.com/csr/1597659284.jpg]
[balajiamines.com/csr/350_1597659284.jpg]
[balajiamines.com/csr/1597658819.jpg]
[balajiamines.com/csr/350_1597658819.jpg]
[balajiamines.com/csr/1597658390.jpg]
[balajiamines.com/csr/350_1597658390.jpg]
[balajiamines.com/csr/1597658172.jpg]
[balajiamines.com/csr/350_1597658172.jpg]
[balajiamines.com/csr/1597657654.jpg]
[balajiamines.com/csr/350_1597657654.jpg]
[balajiamines.com/csr/1596284787.jpg]
[balajiamines.com/csr/350_1596284787.jpg]
[balajiamines.com/csr/1596284747.jpg]
[balajiamines.com/csr/350_1596284747.jpg]
[balajiamines.com/csr/1596284723.jpg]
[balajiamines.com/csr/350_1596284723.jpg]
[balajiamines.com/csr/1596284517.jpg]
[balajiamines.com/csr/350_1596284517.jpg]
[balajiamines.com/csr/1596284481.jpg]
[balajiamines.com/csr/350_1596284481.jpg]
[balajiamines.com/csr/1596284338.jpg]
[balajiamines.com/csr/350_1596284338.jpg]
[balajiamines.com/csr/1596284291.jpg]
[balajiamines.com/csr/350_1596284291.jpg]
[balajiamines.com/csr/1596284096.jpg]
[balajiamines.com/csr/350_1596284096.jpg]
[balajiamines.com/csr/1596284071.jpg]
[balajiamines.com/csr/350_1596284071.jpg]
[balajiamines.com/csr/1596283765.jpg]
[balajiamines.com/csr/350_1596283765.jpg]
[balajiamines.com/csr/1596283310.jpg]
[balajiamines.com/csr/350_1596283310.jpg]
[balajiamines.com/csr/1596283153.jpg]
[balajiamines.com/csr/350_1596283153.jpg]
[balajiamines.com/csr/1596283077.jpg]
[balajiamines.com/csr/350_1596283077.jpg]
[balajiamines.com/csr/1596282905.jpg]
[balajiamines.com/csr/350_1596282905.jpg]
[balajiamines.com/csr/1591698747.jpg]
[balajiamines.com/csr/350_1591698747.jpg]
[balajiamines.com/csr/1591698680.jpg]
[balajiamines.com/csr/350_1591698680.jpg]
[balajiamines.com/csr/1591696230.jpg]
[balajiamines.com/csr/350_1591696230.jpg]
[balajiamines.com/csr/1591696132.jpg]
[balajiamines.com/csr/350_1591696132.jpg]
[balajiamines.com/csr/1591695707.jpg]
[balajiamines.com/csr/350_1591695707.jpg]
[balajiamines.com/csr/1591695658.jpg]
[balajiamines.com/csr/350_1591695658.jpg]
[balajiamines.com/csr/1591695511.jpg]
[balajiamines.com/csr/350_1591695511.jpg]
[balajiamines.com/csr/1591684024.jpg]
[balajiamines.com/csr/350_1591684024.jpg]
[balajiamines.com/csr/1591683942.jpg]
[balajiamines.com/csr/350_1591683942.jpg]
[balajiamines.com/csr/1591683864.jpg]
[balajiamines.com/csr/350_1591683864.jpg]
[balajiamines.com/csr/1591683764.jpg]
[balajiamines.com/csr/350_1591683764.jpg]
[balajiamines.com/csr/1586502600.jpg]
[balajiamines.com/csr/350_1586502600.jpg]
[balajiamines.com/csr/1586501879.jpg]
[balajiamines.com/csr/350_1586501879.jpg]
[balajiamines.com/csr/1586501801.jpg]
[balajiamines.com/csr/350_1586501801.jpg]
[balajiamines.com/csr/1586501457.jpg]
[balajiamines.com/csr/350_1586501457.jpg]
[balajiamines.com/csr/1586501415.jpg]
[balajiamines.com/csr/350_1586501415.jpg]
[balajiamines.com/csr/1586501313.jpg]
[balajiamines.com/csr/350_1586501313.jpg]
[balajiamines.com/csr/1586501258.jpg]
[balajiamines.com/csr/350_1586501258.jpg]
[balajiamines.com/csr/1586500613.jpg]
[balajiamines.com/csr/350_1586500613.jpg]
[balajiamines.com/csr/1586500538.jpg]
[balajiamines.com/csr/350_1586500538.jpg]
[balajiamines.com/csr/1586500424.jpg]
[balajiamines.com/csr/350_1586500424.jpg]
[balajiamines.com/csr/1583836902.jpg]
[balajiamines.com/csr/350_1583836902.jpg]
[balajiamines.com/csr/1583836873.jpg]
[balajiamines.com/csr/350_1583836873.jpg]
[balajiamines.com/csr/1583836791.jpg]
[balajiamines.com/csr/350_1583836791.jpg]
[balajiamines.com/csr/1582959130.jpg]
[balajiamines.com/csr/350_1582959130.jpg]
[balajiamines.com/csr/1582959116.jpg]
[balajiamines.com/csr/350_1582959116.jpg]
[balajiamines.com/csr/1582959105.jpg]
[balajiamines.com/csr/350_1582959105.jpg]
[balajiamines.com/csr/1582957886.jpg]
[balajiamines.com/csr/350_1582957886.jpg]
[balajiamines.com/csr/1582957850.jpg]
[balajiamines.com/csr/350_1582957850.jpg]
[balajiamines.com/csr/1582957828.jpg]
[balajiamines.com/csr/350_1582957828.jpg]
[balajiamines.com/csr/1582957800.jpg]
[balajiamines.com/csr/350_1582957800.jpg]
[balajiamines.com/csr/1582957776.jpg]
[balajiamines.com/csr/350_1582957776.jpg]
[balajiamines.com/csr/1582957711.jpg]
[balajiamines.com/csr/350_1582957711.jpg]
[balajiamines.com/csr/1582957688.jpg]
[balajiamines.com/csr/350_1582957688.jpg]
[balajiamines.com/csr/1582957657.jpg]
[balajiamines.com/csr/350_1582957657.jpg]
[balajiamines.com/csr/1582957631.jpg]
[balajiamines.com/csr/350_1582957631.jpg]
[balajiamines.com/csr/1582957583.jpg]
[balajiamines.com/csr/350_1582957583.jpg]
[balajiamines.com/csr/1582957486.jpg]
[balajiamines.com/csr/350_1582957486.jpg]
[balajiamines.com/csr/1579865506.jpg]
[balajiamines.com/csr/350_1579865506.jpg]
[balajiamines.com/csr/1579865157.jpg]
[balajiamines.com/csr/350_1579865157.jpg]
[balajiamines.com/csr/1579865121.jpg]
[balajiamines.com/csr/350_1579865121.jpg]
[balajiamines.com/csr/1579865076.jpg]
[balajiamines.com/csr/350_1579865076.jpg]
[balajiamines.com/csr/1579865031.jpg]
[balajiamines.com/csr/350_1579865031.jpg]
[balajiamines.com/csr/1579864919.jpg]
[balajiamines.com/csr/350_1579864919.jpg]
[balajiamines.com/csr/1579864604.jpg]
[balajiamines.com/csr/350_1579864604.jpg]
[balajiamines.com/csr/1577529229.jpg]
[balajiamines.com/csr/350_1577529229.jpg]
[balajiamines.com/csr/1577529144.jpg]
[balajiamines.com/csr/350_1577529144.jpg]
[balajiamines.com/csr/1577529052.jpg]
[balajiamines.com/csr/350_1577529052.jpg]
[balajiamines.com/csr/1576239572.jpg]
[balajiamines.com/csr/350_1576239572.jpg]
[balajiamines.com/csr/1576239541.jpg]
[balajiamines.com/csr/350_1576239541.jpg]
[balajiamines.com/csr/1576239469.jpg]
[balajiamines.com/csr/350_1576239469.jpg]
[balajiamines.com/csr/1576239437.jpg]
[balajiamines.com/csr/350_1576239437.jpg]
[balajiamines.com/csr/1576239402.jpg]
[balajiamines.com/csr/350_1576239402.jpg]
[balajiamines.com/csr/1576239393.jpg]
[balajiamines.com/csr/350_1576239393.jpg]
[balajiamines.com/csr/1576239350.jpg]
[balajiamines.com/csr/350_1576239350.jpg]
[balajiamines.com/csr/1576239341.jpg]
[balajiamines.com/csr/350_1576239341.jpg]
[balajiamines.com/csr/1576239305.jpg]
[balajiamines.com/csr/350_1576239305.jpg]
[balajiamines.com/csr/1576239292.jpg]
[balajiamines.com/csr/350_1576239292.jpg]
[balajiamines.com/csr/1576239253.jpg]
[balajiamines.com/csr/350_1576239253.jpg]
[balajiamines.com/csr/1576239196.jpg]
[balajiamines.com/csr/350_1576239196.jpg]
[balajiamines.com/csr/1576239138.jpg]
[balajiamines.com/csr/350_1576239138.jpg]
[balajiamines.com/csr/1576239066.jpg]
[balajiamines.com/csr/350_1576239066.jpg]
[balajiamines.com/csr/1576239052.jpg]
[balajiamines.com/csr/350_1576239052.jpg]
[balajiamines.com/csr/1560143696.jpg]
[balajiamines.com/csr/350_1560143696.jpg]
[balajiamines.com/csr/1560143660.jpg]
[balajiamines.com/csr/350_1560143660.jpg]
[balajiamines.com/csr/1560143297.jpg]
[balajiamines.com/csr/350_1560143297.jpg]
[balajiamines.com/csr/1551846495.jpg]
[balajiamines.com/csr/350_1551846495.jpg]
[balajiamines.com/csr/1543473058.jpg]
[balajiamines.com/csr/350_1543473058.jpg]
[balajiamines.com/csr/1543472758.jpg]
[balajiamines.com/csr/350_1543472758.jpg]
[balajiamines.com/csr/1543472719.jpg]
[balajiamines.com/csr/350_1543472719.jpg]
[balajiamines.com/csr/1543472560.jpg]
[balajiamines.com/csr/350_1543472560.jpg]
[balajiamines.com/csr/1543472514.jpg]
[balajiamines.com/csr/350_1543472514.jpg]
[balajiamines.com/csr/1543472433.jpg]
[balajiamines.com/csr/350_1543472433.jpg]
[balajiamines.com/csr/1543299047.jpg]
[balajiamines.com/csr/350_1543299047.jpg]
[balajiamines.com/csr/1543298741.jpg]
[balajiamines.com/csr/350_1543298741.jpg]
[balajiamines.com/csr/1543298015.jpg]
[balajiamines.com/csr/350_1543298015.jpg]
[balajiamines.com/csr/1543297706.jpg]
[balajiamines.com/csr/350_1543297706.jpg]
[balajiamines.com/csr/1543297480.jpg]
[balajiamines.com/csr/350_1543297480.jpg]
[balajiamines.com/csr/1543297307.jpg]
[balajiamines.com/csr/350_1543297307.jpg]
[balajiamines.com/csr/1543296985.jpg]
[balajiamines.com/csr/350_1543296985.jpg]
[balajiamines.com/csr/1543296578.jpg]
[balajiamines.com/csr/350_1543296578.jpg]
[balajiamines.com/csr/1543296250.jpg]
[balajiamines.com/csr/350_1543296250.jpg]
[balajiamines.com/csr/1542133116.jpg]
[balajiamines.com/csr/350_1542133116.jpg]
[balajiamines.com/csr/1542133035.jpg]
[balajiamines.com/csr/350_1542133035.jpg]
[balajiamines.com/csr/1542133016.jpg]
[balajiamines.com/csr/350_1542133016.jpg]
[balajiamines.com/csr/1542132998.jpg]
[balajiamines.com/csr/350_1542132998.jpg]
[balajiamines.com/csr/1542132980.jpg]
[balajiamines.com/csr/350_1542132980.jpg]
[balajiamines.com/csr/1542132961.jpg]
[balajiamines.com/csr/350_1542132961.jpg]
[balajiamines.com/corporate-social-responsibility.html]
[balajiamines.com/wp-content/uploads/2015/10/banner-contact-us.jpg]
[balajiamines.com/contact-us.html]
[balajiamines.com/balaji-media287b.html]
[balajiamines.com/wp-content/uploads/2015/10/media_banner.jpg]
[balajiamines.com/medias/480_1506078337.jpg]
[balajiamines.com/medias/480_1506078387.jpg]
[balajiamines.com/medias/480_1506078412.jpg]
[balajiamines.com/medias/480_1506078459.jpg]
[balajiamines.com/medias/480_1506078491.jpg]
[balajiamines.com/medias/480_1506078555.jpg]
[balajiamines.com/medias/480_1506078576.jpg]
[balajiamines.com/medias/480_1506078659.jpg]
[balajiamines.com/medias/480_1506078695.jpg]
[balajiamines.com/medias/480_1506078747.jpg]
[balajiamines.com/medias/480_1506078789.jpg]
[balajiamines.com/medias/480_1506078832.jpg]
[balajiamines.com/medias/480_1506078867.jpg]
[balajiamines.com/medias/480_1506080709.jpg]
[balajiamines.com/medias/480_1506080742.jpg]
[balajiamines.com/medias/480_1506080776.jpg]
[balajiamines.com/medias/480_1507486504.jpg]
[balajiamines.com/medias/480_1507486533.jpg]
[balajiamines.com/medias/480_1507486555.jpg]
[balajiamines.com/medias/480_1509445258.jpg]
[balajiamines.com/medias/480_1509526696.jpg]
[balajiamines.com/medias/480_1512475512.jpg]
[balajiamines.com/medias/480_1512554139.jpg]
[balajiamines.com/medias/480_1517373059.jpg]
[balajiamines.com/medias/480_1519373059.jpg]
[balajiamines.com/medias/480_1521625512.jpg]
[balajiamines.com/medias/480_1521632903.jpg]
[balajiamines.com/medias/480_1533102531.jpg]
[balajiamines.com/medias/480_1542882410.jpg]
[balajiamines.com/medias/480_1548743390.jpg]
[balajiamines.com/medias/480_1548762019.jpg]
[balajiamines.com/medias/480_1553923341.jpg]
[balajiamines.com/medias/480_1564465788.jpg]
[balajiamines.com/medias/480_1574324964.jpg]
[balajiamines.com/medias/480_1575091360.jpg]
[balajiamines.com/medias/480_1596881464.jpg]
[balajiamines.com/medias/480_1597736664.jpg]
[balajiamines.com/medias/480_1603958427.jpg]
[balajiamines.com/medias/480_1612855841.jpg]
[balajiamines.com/medias/480_1612856114.jpg]
[balajiamines.com/medias/480_1622011316.jpg]
[balajiamines.com/medias/480_1622011666.jpg]
[balajiamines.com/medias/480_1622700077.jpg]
[balajiamines.com/medias/480_1628770736.jpg]
[balajiamines.com/medias/480_1630151434.jpg]
[balajiamines.com/medias/480_1635409634.jpg]
[balajiamines.com/medias/480_1643872689.jpg]
[balajiamines.com/medias/480_1643873260.jpg]
[balajiamines.com/medias/480_1652369064.jpg]
[balajiamines.com/medias/480_1652689027.jpg]
[balajiamines.com/medias/480_1652689967.jpg]
[balajiamines.com/medias/480_1656915847.jpg]
[balajiamines.com/medias/480_1660299871.jpg]
[balajiamines.com/medias/480_1664280166.jpg]
[balajiamines.com/medias/480_1668485600.jpg]
[balajiamines.com/medias/480_1672400695.jpg]
[balajiamines.com/medias/480_1679979719.jpg]
[balajiamines.com/medias/480_1684768946.jpg]
[balajiamines.com/medias/480_1689053626.jpg]
[balajiamines.com/medias/480_1693629342.jpg]
[balajiamines.com/medias/480_1694185859.jpg]
[balajiamines.com/medias/480_1699628998.jpg]
[balajiamines.com/medias/480_1715348475.jpg]
[balajiamines.com/medias/480_1720934673.jpg]
[balajiamines.com/medias/480_1723116262.jpg]
[balajiamines.com/medias/480_1731929624.png]
[balajiamines.com/medias/480_1732038429.jpg]
[balajiamines.com/medias/480_1732798763.jpg]
[balajiamines.com/medias/480_1750338394.jpg]
[balajiamines.com/medias/480_1755587307.jpg]
[balajiamines.com/medias/480_1762945180.jpg]
[balajiamines.com/wp-content/uploads/2015/10/press.jpg]
[balajiamines.com/wp-content/uploads/2015/10/letter.jpg]
[balajiamines.com/wp-content/plugins/envira-gallery/assets/css/envira79cd.css]
[balajiamines.com/wp-content/plugins/envira-videos/assets/css/envira-videos4bf4.css]
[balajiamines.com/balaji-media.html]
[balajiamines.com/wp-content/plugins/envira-gallery/assets/js/min/envira-min79cd.js]
[balajiamines.com/wp-content/uploads/2016/02/e-brochure-banner.jpg]
[balajiamines.com/wp-content/uploads/2016/02/e-brochure.zip]
[balajiamines.com/wp-content/uploads/2016/02/ebrochure-icon.jpg]
[balajiamines.com/e-brochures.html]
[balajiamines.com/speciality-chemicals-2.html]
[balajiamines.com/derivatives-2.html]
[balajiamines.com/excipients-2.html]
[balajiamines.com/amines-2.html]
[balajiamines.com/wp-content/plugins/ml-slider/assets/sliders/responsiveslides/responsiveslides5589.css]
[balajiamines.com/wp-content/plugins/ml-slider/assets/metaslider/public5589.css]
[balajiamines.com/wp-includes/js/mediaelement/wp-mediaelement.minfe9d-2.html]
[balajiamines.com/wp-includes/js/mediaelement/wp-playlist.minfe9d.html]
[balajiamines.com/wp-includes/js/wp-embed.minfe9d.html]
[balajiamines.com/wp-content/themes/toolset-bootstrap/bootstrap3/fonts/glyphicons-halflings-regular.svg]
[balajiamines.com/wp-content/plugins/layouts/toolset/toolset-common/utility/img/icon-help-message.png]
[balajiamines.com/wp-content/plugins/layouts/toolset/toolset-common/utility/css/notifications.css]
[balajiamines.com/wp-includes/js/mediaelement/bigplay.svg]
[balajiamines.com/wp-includes/js/mediaelement/controls.svg]
[balajiamines.com/wp-content/themes/toolset-bootstrap/css/grabbing.html]
[balajiamines.com/wp-content/themes/toolset-bootstrap/css/AjaxLoader.html]
[balajiamines.com/wp-content/themes/toolset-bootstrap/fancybox/fancybox/fancy_close.html]
[balajiamines.com/wp-content/themes/toolset-bootstrap/fancybox/fancybox/fancy_nav_left.html]
[balajiamines.com/wp-content/themes/toolset-bootstrap/fancybox/fancybox/fancy_nav_right.html]
[balajiamines.com/wp-content/themes/toolset-bootstrap/fancybox/fancybox/fancy_title_over.html]
[balajiamines.com/wp-content/themes/toolset-bootstrap/fancybox/fancybox/fancy_title_left.html]
[balajiamines.com/wp-content/themes/toolset-bootstrap/fancybox/fancybox/fancy_title_main.html]
[balajiamines.com/wp-content/themes/toolset-bootstrap/fancybox/fancybox/fancy_title_right.html]
[balajiamines.com/wp-content/themes/toolset-bootstrap/fancybox/fancybox/fancy_loading.html]
[balajiamines.com/wp-content/themes/toolset-bootstrap/fancybox/fancybox/fancy_shadow_n.html]
[balajiamines.com/wp-content/themes/toolset-bootstrap/fancybox/fancybox/fancy_shadow_ne.html]
[balajiamines.com/wp-content/themes/toolset-bootstrap/fancybox/fancybox/fancy_shadow_e.html]
[balajiamines.com/wp-content/themes/toolset-bootstrap/fancybox/fancybox/fancy_shadow_se.html]
[balajiamines.com/wp-content/themes/toolset-bootstrap/fancybox/fancybox/fancy_shadow_s.html]
[balajiamines.com/wp-content/themes/toolset-bootstrap/fancybox/fancybox/fancy_shadow_sw.html]
[balajiamines.com/wp-content/themes/toolset-bootstrap/fancybox/fancybox/fancy_shadow_w.html]
[balajiamines.com/wp-content/themes/toolset-bootstrap/fancybox/fancybox/fancy_shadow_nw.html]
[balajiamines.com/wp-content/themes/toolset-bootstrap/css/fonts/flexslider-icon.svg]
[balajiamines.com/wp-content/uploads/formidable/css/formidableproe823.html]
[balajiamines.com/wp-content/plugins/layouts/resources/css/cell-menu-csse100.css]
[balajiamines.com/wp-content/plugins/layouts/resources/css/ddl-front-ende100.css]
[balajiamines.com/wp-content/plugins/layouts/toolset/toolset-common/res/css/toolset-commone100.css]
[balajiamines.com/wp-includes/js/mediaelement/wp-mediaelement.mine100.html]
[balajiamines.com/wp-includes/js/mediaelement/wp-mediaelement.mine100-2.html]
[balajiamines.com/wp-includes/js/mediaelement/wp-playlist.mine100.html]
[balajiamines.com/wp-includes/js/wp-embed.mine100.html]
[balajiamines.com/wp-json/index.html]
[balajiamines.com/xmlrpc0db0.html]
[balajiamines.com/wp-includes/wlwmanifest.html]
[balajiamines.com/mission-values/index.html]
[balajiamines.com/mission-valuesb4c1.html]
[balajiamines.com/wp-json/oembed/1.0/embedf511.html]
[balajiamines.com/wp-json/oembed/1.0/embed9e6a.html]
[balajiamines.com/images/close.png]
[balajiamines.com/images/loading.gif]
[balajiamines.com/images/prev.png]
[balajiamines.com/images/next.png]
[balajiamines.com/css/lightbox.css]
[balajiamines.com/team/350_1506058956.html]
[balajiamines.com/wp-content/uploads/formidable/css/formidablepro72dc.html]
[balajiamines.com/wp-content/plugins/layouts/resources/css/cell-menu-css125b.css]
[balajiamines.com/wp-content/plugins/layouts/resources/css/ddl-front-end125b.css]
[balajiamines.com/wp-content/plugins/layouts/toolset/toolset-common/res/css/toolset-common125b.css]
[balajiamines.com/wp-includes/js/mediaelement/wp-mediaelement.min125b.html]
[balajiamines.com/wp-content/plugins/wp-google-maps/index.html]
[balajiamines.com/wp-content/uploads/wp-google-maps/index.html]
[balajiamines.com/wp-admin/admin-ajax.html]
[balajiamines.com/wp-content/plugins/wp-google-maps-pro/css/wpgmza_style_prob67e.css]
[balajiamines.com/wp-content/plugins/wp-google-maps-pro/images/sort_both.png]
[balajiamines.com/wp-content/plugins/wp-google-maps-pro/images/sort_asc.png]
[balajiamines.com/wp-content/plugins/wp-google-maps-pro/images/sort_desc.png]
[balajiamines.com/wp-content/plugins/wp-google-maps-pro/images/sort_asc_disabled.png]
[balajiamines.com/wp-content/plugins/wp-google-maps-pro/images/sort_desc_disabled.png]
[balajiamines.com/wp-content/plugins/wp-google-maps-pro/css/data_table_frontb67e.css]
[cdn.datatables.net/responsive/1.0.4/css/dataTables.responsiveb67e.css]
[balajiamines.com/wp-includes/js/mediaelement/wp-mediaelement.min125b-2.html]
[balajiamines.com/wp-includes/js/mediaelement/wp-playlist.min125b.html]
[balajiamines.com/wp-includes/js/wp-embed.min125b.html]
[cdn.jsdelivr.net/npm/bootstrap-icons@1.8.3/font/bootstrap-icons.css]
[cdnjs.cloudflare.com/ajax/libs/animate.css/4.1.1/animate.min.css]
[cdn.jsdelivr.net/npm/bootstrap@5.0.2/dist/css/bootstrap.min.css]
[unpkg.com/aos@2.3.1/dist/aos.css]
[balajiamines.com/ar2022/assets/css/styles.css]
[balajiamines.com/ar2022/assets/css/custome-style.min.css]
[balajiamines.com/ar2022/assets/images/logo.jpg]
[balajiamines.com/ar2022/assets/pdf/MDA-Page-24-till-31.pdf]
[balajiamines.com/ar2022/assets/pdf/corporate-information.pdf]
[balajiamines.com/ar2022/assets/pdf/Notice-Page-36-till-45.pdf]
[balajiamines.com/ar2022/assets/pdf/Director-s-report-Page-46-till-68.pdf]
[balajiamines.com/ar2022/assets/pdf/BRSR-Page-69-till-93.pdf]
[balajiamines.com/ar2022/assets/pdf/Report-on-Corporate-Governance-Page-94-till-111.pdf]
[balajiamines.com/ar2022/assets/pdf/Standalone-Financial-Statements-Page-112 till-146.pdf]
[balajiamines.com/ar2022/assets/pdf/Consolidated-Financial-Statements.pdf]
[balajiamines.com/ar2022/assets/video/intro.mp4]
[balajiamines.com/ar2022/assets/video/mobile.mp4]
[balajiamines.com/ar2022/assets/pdf/Balaji-Amines-Annual-Report-2022.pdf]
[balajiamines.com/ar2022/assets/images/annualReportBook.png]
[balajiamines.com/ar2022/assets/images/scrolldown.gif]
[balajiamines.com/ar2022/assets/images/methane-molecule.gif]
[balajiamines.com/ar2022/assets/images/ourvalueBg1.png]
[balajiamines.com/ar2022/assets/images/ourvalue2.jpg]
[balajiamines.com/ar2022/assets/images/ourvalue3.jpg]
[balajiamines.com/ar2022/assets/images/ourvalue4.jpg]
[balajiamines.com/ar2022/assets/images/leftgraph.png]
[balajiamines.com/ar2022/assets/images/leftgraph2.png]
[balajiamines.com/ar2022/assets/images/leftgraph3.png]
[balajiamines.com/ar2022/assets/images/missionIcon.png]
[balajiamines.com/ar2022/assets/images/value.png]
[balajiamines.com/ar2022/assets/images/performancetbl.jpg]
[balajiamines.com/ar2022/assets/images/timeLine14.png]
[balajiamines.com/ar2022/assets/images/timeLine15.png]
[balajiamines.com/ar2022/assets/images/timeLine16.png]
[balajiamines.com/ar2022/assets/images/timeLine17.png]
[balajiamines.com/ar2022/assets/images/timeLine18.png]
[balajiamines.com/ar2022/assets/images/timeLine19.png]
[balajiamines.com/ar2022/assets/images/timeLine1.png]
[balajiamines.com/ar2022/assets/images/timeLine2.png]
[balajiamines.com/ar2022/assets/images/timeLine3.png]
[balajiamines.com/ar2022/assets/images/timeLine4.png]
[balajiamines.com/ar2022/assets/images/timeLine5.png]
[balajiamines.com/ar2022/assets/images/timeLine6.png]
[balajiamines.com/ar2022/assets/images/timeLine7.png]
[balajiamines.com/ar2022/assets/images/timeLine8.png]
[balajiamines.com/ar2022/assets/images/timeLine9.png]
[balajiamines.com/ar2022/assets/images/timeLine10.png]
[balajiamines.com/ar2022/assets/images/timeLine11.png]
[balajiamines.com/ar2022/assets/images/timeLine12.png]
[balajiamines.com/ar2022/assets/images/timeLine13.png]
[balajiamines.com/ar2022/assets/images/product1.jpg]
[balajiamines.com/ar2022/assets/images/product2.jpg]
[balajiamines.com/ar2022/assets/images/globe.jpg]
[balajiamines.com/ar2022/assets/images/ourcompltion.png]
[balajiamines.com/ar2022/assets/images/desk.jpg]
[balajiamines.com/ar2022/assets/images/env5.jpg]
[balajiamines.com/ar2022/assets/images/env3.jpg]
[balajiamines.com/ar2022/assets/images/env1.jpg]
[balajiamines.com/ar2022/assets/images/env2.jpg]
[balajiamines.com/ar2022/assets/images/env4.jpg]
[balajiamines.com/ar2022/assets/images/bod1.jpg]
[balajiamines.com/ar2022/assets/images/bod2.jpg]
[balajiamines.com/ar2022/assets/images/bod3.jpg]
[balajiamines.com/ar2022/assets/images/bod4.jpg]
[balajiamines.com/ar2022/assets/images/bod5.jpg]
[balajiamines.com/ar2022/assets/images/bod6.jpg]
[balajiamines.com/ar2022/assets/images/bod7.jpg]
[balajiamines.com/ar2022/assets/images/bod8.jpg]
[balajiamines.com/ar2022/assets/images/bod9.jpg]
[balajiamines.com/ar2022/assets/images/bod10.jpg]
[balajiamines.com/ar2022/assets/images/awrd1.jpg]
[balajiamines.com/ar2022/assets/images/awrd2.jpg]
[code.jquery.com/jquery-3.6.0.min.js]
[cdn.jsdelivr.net/npm/bootstrap@5.0.2/dist/js/bootstrap.bundle.min.js]
[unpkg.com/aos@2.3.1/dist/aos.js]
[balajiamines.com/ar2022/assets/js/jquery.waypoints.min.js]
[balajiamines.com/ar2022/assets/js/jquery.countup.js]
[balajiamines.com/ar2022/assets/js/scrollIt.min.js]
[balajiamines.com/ar2022/assets/js/script.js]
[cdnjs.cloudflare.com/ajax/libs/gsap/3.10.4/gsap.min.js]
[cdnjs.cloudflare.com/ajax/libs/gsap/3.10.4/ScrollTrigger.min.js]
[balajiamines.com/ar2022/assets/js/animation-script.js]
[balajiamines.com/ar2022/index.html]
[balajiamines.com/media/index.html]
[balajiamines.com/balaji-media287b.html]
[balajiamines.com/wp-json/oembed/1.0/embed7913.html]
[balajiamines.com/wp-json/oembed/1.0/embed21d2.html]
[balajiamines.com/wp-content/plugins/envira-gallery/assets/css/images/envirabox_sprite.png]
[balajiamines.com/wp-content/plugins/envira-gallery/assets/css/images/envirabox_loading.gif]
[balajiamines.com/wp-content/plugins/envira-gallery/assets/css/images/blank.gif]
[balajiamines.com/wp-content/plugins/envira-gallery/assets/css/images/envirabox_overlay.png]
[balajiamines.com/wp-content/plugins/envira-gallery/assets/css/images/envirabox_buttons.png]
[balajiamines.com/wp-content/plugins/envira-gallery/assets/css/images/envirabox_sprite@2x.png]
[balajiamines.com/wp-content/plugins/envira-gallery/assets/css/images/envirabox_loading@2x.gif]
[balajiamines.com/wp-content/plugins/envira-gallery/assets/css/envira79cd.css]
[balajiamines.com/wp-content/plugins/envira-videos/assets/css/envira-videos4bf4.css]
[balajiamines.com/e-brochures/index.html]
[balajiamines.com/wp-content/plugins/wp-google-maps-pro/images/premium.html]
[cdn.jsdelivr.net/npm/bootstrap-icons@1.8.3/font/fonts/bootstrap-iconse8a7.woff2]
[cdn.jsdelivr.net/npm/bootstrap-icons@1.8.3/font/fonts/bootstrap-iconse8a7.woff]
[cdn.jsdelivr.net/npm/bootstrap-icons@1.8.3/font/bootstrap-icons.css]
[cdnjs.cloudflare.com/ajax/libs/animate.css/4.1.1/animate.min.css]
[cdn.jsdelivr.net/npm/bootstrap@5.0.2/dist/css/bootstrap.min.css]
[unpkg.com/aos@2.3.1/dist/aos.css]
[balajiamines.com/ar2022/assets/css/styles.css]
[balajiamines.com/ar2022/assets/fonts/HelveticaNeueLTStd-BlkCn.otf]
[balajiamines.com/ar2022/assets/fonts/HelveticaNeueLTStd-ThCn.otf]
[balajiamines.com/ar2022/assets/fonts/Gloss_And_Bloom.ttf]
[balajiamines.com/ar2022/assets/fonts/ARIALN.TTF]
[balajiamines.com/ar2022/assets/fonts/HelveticaNeueLTStd-Md.otf]
[balajiamines.com/ar2022/assets/fonts/HelveticaNeueLTStd-BdCn.otf]
[balajiamines.com/ar2022/assets/fonts/HelveticaNeueLTStd-Lt.otf]
[balajiamines.com/ar2022/assets/images/graphbg.png]
[balajiamines.com/ar2022/assets/images/bg-roadless.jpg]
[balajiamines.com/ar2022/assets/images/journeybg.jpg]
[balajiamines.com/ar2022/assets/images/mraod1.jpg]
[balajiamines.com/ar2022/assets/images/mroad2.jpg]
[balajiamines.com/ar2022/assets/css/custome-style.min.css]
